../USB_DEVICE/Target/usbd_conf.c:67:6:HAL_PCD_MspInit	56	static
../USB_DEVICE/Target/usbd_conf.c:132:6:HAL_PCD_MspDeInit	16	static
../USB_DEVICE/Target/usbd_conf.c:185:6:HAL_PCD_SetupStageCallback	16	static
../USB_DEVICE/Target/usbd_conf.c:200:6:HAL_PCD_DataOutStageCallback	16	static
../USB_DEVICE/Target/usbd_conf.c:215:6:HAL_PCD_DataInStageCallback	16	static
../USB_DEVICE/Target/usbd_conf.c:229:6:HAL_PCD_SOFCallback	16	static
../USB_DEVICE/Target/usbd_conf.c:243:6:HAL_PCD_ResetCallback	24	static
../USB_DEVICE/Target/usbd_conf.c:276:6:HAL_PCD_SuspendCallback	16	static
../USB_DEVICE/Target/usbd_conf.c:301:6:HAL_PCD_ResumeCallback	16	static
../USB_DEVICE/Target/usbd_conf.c:319:6:HAL_PCD_ISOOUTIncompleteCallback	16	static
../USB_DEVICE/Target/usbd_conf.c:334:6:HAL_PCD_ISOINIncompleteCallback	16	static
../USB_DEVICE/Target/usbd_conf.c:348:6:HAL_PCD_ConnectCallback	16	static
../USB_DEVICE/Target/usbd_conf.c:362:6:HAL_PCD_DisconnectCallback	16	static
../USB_DEVICE/Target/usbd_conf.c:377:20:USBD_LL_Init	16	static
../USB_DEVICE/Target/usbd_conf.c:428:20:USBD_LL_DeInit	24	static
../USB_DEVICE/Target/usbd_conf.c:445:20:USBD_LL_Start	24	static
../USB_DEVICE/Target/usbd_conf.c:462:20:USBD_LL_Stop	24	static
../USB_DEVICE/Target/usbd_conf.c:482:20:USBD_LL_OpenEP	24	static
../USB_DEVICE/Target/usbd_conf.c:500:20:USBD_LL_CloseEP	24	static
../USB_DEVICE/Target/usbd_conf.c:518:20:USBD_LL_FlushEP	24	static
../USB_DEVICE/Target/usbd_conf.c:536:20:USBD_LL_StallEP	24	static
../USB_DEVICE/Target/usbd_conf.c:554:20:USBD_LL_ClearStallEP	24	static
../USB_DEVICE/Target/usbd_conf.c:572:9:USBD_LL_IsStallEP	24	static
../USB_DEVICE/Target/usbd_conf.c:592:20:USBD_LL_SetUSBAddress	24	static
../USB_DEVICE/Target/usbd_conf.c:612:20:USBD_LL_Transmit	32	static
../USB_DEVICE/Target/usbd_conf.c:632:20:USBD_LL_PrepareReceive	32	static
../USB_DEVICE/Target/usbd_conf.c:650:10:USBD_LL_GetRxDataSize	16	static
../USB_DEVICE/Target/usbd_conf.c:661:6:HAL_PCDEx_LPM_Callback	16	static
../USB_DEVICE/Target/usbd_conf.c:696:6:USBD_LL_Delay	16	static
../USB_DEVICE/Target/usbd_conf.c:707:13:SystemClockConfig_Resume	8	static
../USB_DEVICE/Target/usbd_conf.c:717:20:USBD_Get_USB_Status	24	static
