../Core/Src/imu_driver.c:131:13:delay	8	static
../Core/Src/imu_driver.c:533:17:imu_hal_get_time	0	static
../Core/Src/imu_driver.c:160:21:imu_start_Receive	8	static
../Core/Src/imu_driver.c:606:13:imu_dataHandler	88	static
../Core/Src/imu_driver.c:559:13:sh2_eventHanlder	16	static
../Core/Src/imu_driver.c:99:13:imu_hal_disable_interrupt	8	static
../Core/Src/imu_driver.c:93:13:imu_hal_enable_interrupt	8	static
../Core/Src/imu_driver.c:434:13:imu_hal_close	8	static
../Core/Src/imu_driver.c:663:21:imu_start_reports	16	static
../Core/Src/imu_driver.c:496:12:imu_hal_write	16	static
../Core/Src/imu_driver.c:372:12:imu_hal_open	40	static
../Core/Src/imu_driver.c:247:6:imu_spi_activate	16	static,ignoring_inline_asm
../Core/Src/imu_driver.c:459:12:imu_hal_read	24	static
../Core/Src/imu_driver.c:303:6:imu_spi_completed	8	static
../Core/Src/imu_driver.c:713:14:imu_sys_init	40	static
../Core/Src/imu_driver.c:742:14:imu_service	8	static
