../Middlewares/Third_Party/SH2/sh2.c:511:13:opRx	0	static
../Middlewares/Third_Party/SH2/sh2.c:544:16:getReportLen	0	static
../Middlewares/Third_Party/SH2/sh2.c:1711:13:clearDcdAndResetOnReset	0	static
../Middlewares/Third_Party/SH2/sh2.c:1821:13:shtpEventCallback	0	static
../Middlewares/Third_Party/SH2/sh2.c:817:12:sendCtrl	0	static
../Middlewares/Third_Party/SH2/sh2.c:833:12:getProdIdStart	16	static
../Middlewares/Third_Party/SH2/sh2.c:908:12:getSensorConfigStart	16	static
../Middlewares/Third_Party/SH2/sh2.c:972:12:setSensorConfigStart	40	static
../Middlewares/Third_Party/SH2/sh2.c:1009:12:getFrsStart	16	static
../Middlewares/Third_Party/SH2/sh2.c:1209:12:setFrsStart	16	static
../Middlewares/Third_Party/SH2/sh2.c:1306:12:sendCmd	32	static
../Middlewares/Third_Party/SH2/sh2.c:1341:12:sendCmd1	24	static
../Middlewares/Third_Party/SH2/sh2.c:1375:12:getErrorsStart	0	static
../Middlewares/Third_Party/SH2/sh2.c:1479:12:reinitStart	0	static
../Middlewares/Third_Party/SH2/sh2.c:1763:12:finishCalStart	0	static
../Middlewares/Third_Party/SH2/sh2.c:1462:12:sendCmdStart	8	static
../Middlewares/Third_Party/SH2/sh2.c:1331:12:sendCmd0	24	static
../Middlewares/Third_Party/SH2/sh2.c:1513:12:saveDcdNowStart	0	static
../Middlewares/Third_Party/SH2/sh2.c:1545:12:getOscTypeStart	0	static
../Middlewares/Third_Party/SH2/sh2.c:1703:12:clearDcdAndResetStart	0	static
../Middlewares/Third_Party/SH2/sh2.c:1575:12:setCalConfigStart	24	static
../Middlewares/Third_Party/SH2/sh2.c:1621:12:getCalConfigStart	24	static
../Middlewares/Third_Party/SH2/sh2.c:1725:12:startCalStart	24	static
../Middlewares/Third_Party/SH2/sh2.c:1794:12:sendWheelOpStart	32	static
../Middlewares/Third_Party/SH2/sh2.c:1670:12:forceFlushStart	16	static
../Middlewares/Third_Party/SH2/sh2.c:756:13:sensorhubInputGyroRvHdlr	120	static
../Middlewares/Third_Party/SH2/sh2.c:688:13:sensorhubInputHdlr	136	static
../Middlewares/Third_Party/SH2/sh2.c:742:13:sensorhubInputNormalHdlr	0	static
../Middlewares/Third_Party/SH2/sh2.c:555:13:sensorhubControlHdlr	40	static
../Middlewares/Third_Party/SH2/sh2.c:779:13:executableDeviceHdlr	8	static
../Middlewares/Third_Party/SH2/sh2.c:851:13:getProdIdRx	20	static
../Middlewares/Third_Party/SH2/sh2.c:922:13:getSensorConfigRx	8	static
../Middlewares/Third_Party/SH2/sh2.c:1029:13:getFrsRx	16	static
../Middlewares/Third_Party/SH2/sh2.c:1363:13:wrongResponse	0	static
../Middlewares/Third_Party/SH2/sh2.c:1742:13:startCalRx	8	static
../Middlewares/Third_Party/SH2/sh2.c:1383:13:getErrorsRx	24	static
../Middlewares/Third_Party/SH2/sh2.c:1486:13:reinitRx	16	static
../Middlewares/Third_Party/SH2/sh2.c:1520:13:saveDcdNowRx	16	static
../Middlewares/Third_Party/SH2/sh2.c:1594:13:setCalConfigRx	0	static
../Middlewares/Third_Party/SH2/sh2.c:1550:13:getOscTypeRx	16	static
../Middlewares/Third_Party/SH2/sh2.c:1634:13:getCalConfigRx	16	static
../Middlewares/Third_Party/SH2/sh2.c:1681:13:forceFlushRx	0	static
../Middlewares/Third_Party/SH2/sh2.c:1768:13:finishCalRx	16	static
../Middlewares/Third_Party/SH2/sh2.c:1228:13:setFrsRx	32	static
../Middlewares/Third_Party/SH2/sh2.c:1428:13:getCountsRx	24	static
../Middlewares/Third_Party/SH2/sh2.c:1423:12:getCountsStart	24	static
../Middlewares/Third_Party/SH2/sh2.c:629:12:opProcess.constprop	24	static
../Middlewares/Third_Party/SH2/sh2.c:749:13:sensorhubInputWakeHdlr	0	static
../Middlewares/Third_Party/SH2/sh2.c:1851:5:sh2_open	24	static
../Middlewares/Third_Party/SH2/sh2.c:1913:6:sh2_close	8	static
../Middlewares/Third_Party/SH2/sh2.c:1930:6:sh2_service	0	static
../Middlewares/Third_Party/SH2/sh2.c:1946:5:sh2_setSensorCallback	0	static
../Middlewares/Third_Party/SH2/sh2.c:1961:5:sh2_devReset	16	static
../Middlewares/Third_Party/SH2/sh2.c:1977:5:sh2_devOn	16	static
../Middlewares/Third_Party/SH2/sh2.c:1993:5:sh2_devSleep	16	static
../Middlewares/Third_Party/SH2/sh2.c:2010:5:sh2_getProdIds	0	static
../Middlewares/Third_Party/SH2/sh2.c:2033:5:sh2_getSensorConfig	4	static
../Middlewares/Third_Party/SH2/sh2.c:2058:5:sh2_setSensorConfig	4	static
../Middlewares/Third_Party/SH2/sh2.c:2083:5:sh2_getMetadata	40	static
../Middlewares/Third_Party/SH2/sh2.c:2136:5:sh2_getFrs	24	static
../Middlewares/Third_Party/SH2/sh2.c:2167:5:sh2_setFrs	24	static
../Middlewares/Third_Party/SH2/sh2.c:2197:5:sh2_getErrors	24	static
../Middlewares/Third_Party/SH2/sh2.c:2222:5:sh2_getCounts	16	static
../Middlewares/Third_Party/SH2/sh2.c:2245:5:sh2_clearCounts	16	static
../Middlewares/Third_Party/SH2/sh2.c:2271:5:sh2_setTareNow	16	static
../Middlewares/Third_Party/SH2/sh2.c:2297:5:sh2_clearTare	8	static
../Middlewares/Third_Party/SH2/sh2.c:2320:5:sh2_persistTare	8	static
../Middlewares/Third_Party/SH2/sh2.c:2344:5:sh2_setReorientation	24	static
../Middlewares/Third_Party/SH2/sh2.c:2376:5:sh2_reinitialize	0	static
../Middlewares/Third_Party/SH2/sh2.c:2392:5:sh2_saveDcdNow	0	static
../Middlewares/Third_Party/SH2/sh2.c:2409:5:sh2_getOscType	0	static
../Middlewares/Third_Party/SH2/sh2.c:2428:5:sh2_setCalConfig	0	static
../Middlewares/Third_Party/SH2/sh2.c:2447:5:sh2_getCalConfig	0	static
../Middlewares/Third_Party/SH2/sh2.c:2466:5:sh2_setDcdAutoSave	16	static
../Middlewares/Third_Party/SH2/sh2.c:2489:5:sh2_flush	16	static
../Middlewares/Third_Party/SH2/sh2.c:2510:5:sh2_clearDcdAndReset	0	static
../Middlewares/Third_Party/SH2/sh2.c:2527:5:sh2_startCal	0	static
../Middlewares/Third_Party/SH2/sh2.c:2549:5:sh2_finishCal	16	static
../Middlewares/Third_Party/SH2/sh2.c:2574:5:sh2_setIZro	16	static
../Middlewares/Third_Party/SH2/sh2.c:2594:5:sh2_reportWheelEncoder	24	static
../Middlewares/Third_Party/SH2/sh2.c:2612:5:sh2_saveDeadReckoningCalNow	16	static
