../Drivers/CMSIS/Include/core_cm7.h:2464:22:SCB_InvalidateDCache_by_Addr	32	static,ignoring_inline_asm
../Core/Src/STServo.c:142:6:STServo_Init	16	static
../Core/Src/STServo.c:183:13:STServo_SendPacket	32	static
../Core/Src/STServo.c:217:13:STServo_ReceivePacket	32	static
../Core/Src/STServo.c:261:13:STServo_WriteData	544	static
../Core/Src/STServo.c:289:13:STServo_ReadData	560	static
../Core/Src/STServo.c:331:16:STServo_CalculateChecksum	24	static
../Core/Src/STServo.c:353:13:STServo_ValidateChecksum	24	static
../Core/Src/STServo.c:375:16:STServo_BuildPacket	40	static
../Core/Src/STServo.c:410:6:STServo_ReadFromISR	32	static
../Core/Src/STServo.c:447:13:STServo_ProcessRxData	40	static
../Core/Src/STServo.c:587:6:STServo_DeInit	16	static
../Core/Src/STServo.c:602:6:STServo_Ping	296	static
../Core/Src/STServo.c:653:18:STServo_WritePosition	56	static
../Core/Src/STServo.c:699:18:STServo_SyncWritePosition	288	static
../Core/Src/STServo.c:753:18:STServo_ReadPosition	32	static
../Core/Src/STServo.c:799:9:STServo_ReadSpeed	32	static
../Core/Src/STServo.c:867:18:STServo_SyncRead	312	static
../Core/Src/STServo.c:943:9:STServo_ReadVoltage	32	static
../Core/Src/STServo.c:964:9:STServo_ReadTemperature	32	static
../Core/Src/STServo.c:986:9:STServo_ReadCurrent	32	static
../Core/Src/STServo.c:1007:6:STServo_IsMoving	32	static
../Core/Src/STServo.c:1027:17:STServo_GetLastError	16	static
../Core/Src/STServo.c:1039:13:STServo_GetErrorString	16	static
