../Core/Src/usart.c:43:6:MX_USART1_UART_Init	8	static
../Core/Src/usart.c:74:6:MX_USART3_UART_Init	8	static
../Core/Src/usart.c:105:6:MX_USART6_UART_Init	8	static
../Core/Src/usart.c:135:6:HAL_UART_MspInit	208	static
../Core/Src/usart.c:272:6:HAL_UART_MspDeInit	16	static
../Core/Src/usart.c:341:6:HAL_UART_TxCpltCallback	24	static
../Core/Src/usart.c:362:6:HAL_UART_RxCpltCallback	16	static
../Core/Src/usart.c:369:6:HAL_UART_RxHalfCpltCallback	16	static
../Core/Src/usart.c:376:6:HAL_UART_ErrorCallback	16	static
