Archive member included to satisfy reference by file (symbol)

C:/Program Files/ST/STM32CubeIDE_1.13.2/STM32CubeIDE/plugins/com.st.stm32cube.ide.mcu.externaltools.gnu-tools-for-stm32.11.3.rel1.win32_1.1.1.202309131626/tools/bin/../lib/gcc/arm-none-eabi/11.3.1/../../../../arm-none-eabi/lib/thumb/v7e-m+dp/hard\libc_nano.a(libc_a-exit.o)
                              C:/Program Files/ST/STM32CubeIDE_1.13.2/STM32CubeIDE/plugins/com.st.stm32cube.ide.mcu.externaltools.gnu-tools-for-stm32.11.3.rel1.win32_1.1.1.202309131626/tools/bin/../lib/gcc/arm-none-eabi/11.3.1/../../../../arm-none-eabi/lib/thumb/v7e-m+dp/hard/crt0.o (exit)
C:/Program Files/ST/STM32CubeIDE_1.13.2/STM32CubeIDE/plugins/com.st.stm32cube.ide.mcu.externaltools.gnu-tools-for-stm32.11.3.rel1.win32_1.1.1.202309131626/tools/bin/../lib/gcc/arm-none-eabi/11.3.1/../../../../arm-none-eabi/lib/thumb/v7e-m+dp/hard\libc_nano.a(libc_a-findfp.o)
                              ./Middlewares/Third_Party/FreeRTOS/Source/tasks.o (__sf)
C:/Program Files/ST/STM32CubeIDE_1.13.2/STM32CubeIDE/plugins/com.st.stm32cube.ide.mcu.externaltools.gnu-tools-for-stm32.11.3.rel1.win32_1.1.1.202309131626/tools/bin/../lib/gcc/arm-none-eabi/11.3.1/../../../../arm-none-eabi/lib/thumb/v7e-m+dp/hard\libc_nano.a(libc_a-fwalk.o)
                              C:/Program Files/ST/STM32CubeIDE_1.13.2/STM32CubeIDE/plugins/com.st.stm32cube.ide.mcu.externaltools.gnu-tools-for-stm32.11.3.rel1.win32_1.1.1.202309131626/tools/bin/../lib/gcc/arm-none-eabi/11.3.1/../../../../arm-none-eabi/lib/thumb/v7e-m+dp/hard\libc_nano.a(libc_a-findfp.o) (_fwalk_sglue)
C:/Program Files/ST/STM32CubeIDE_1.13.2/STM32CubeIDE/plugins/com.st.stm32cube.ide.mcu.externaltools.gnu-tools-for-stm32.11.3.rel1.win32_1.1.1.202309131626/tools/bin/../lib/gcc/arm-none-eabi/11.3.1/../../../../arm-none-eabi/lib/thumb/v7e-m+dp/hard\libc_nano.a(libc_a-printf.o)
                              ./Core/Src/error.o (printf)
C:/Program Files/ST/STM32CubeIDE_1.13.2/STM32CubeIDE/plugins/com.st.stm32cube.ide.mcu.externaltools.gnu-tools-for-stm32.11.3.rel1.win32_1.1.1.202309131626/tools/bin/../lib/gcc/arm-none-eabi/11.3.1/../../../../arm-none-eabi/lib/thumb/v7e-m+dp/hard\libc_nano.a(libc_a-puts.o)
                              ./Core/Src/error.o (puts)
C:/Program Files/ST/STM32CubeIDE_1.13.2/STM32CubeIDE/plugins/com.st.stm32cube.ide.mcu.externaltools.gnu-tools-for-stm32.11.3.rel1.win32_1.1.1.202309131626/tools/bin/../lib/gcc/arm-none-eabi/11.3.1/../../../../arm-none-eabi/lib/thumb/v7e-m+dp/hard\libc_nano.a(libc_a-sprintf.o)
                              ./Middlewares/Third_Party/FreeRTOS/Source/tasks.o (sprintf)
C:/Program Files/ST/STM32CubeIDE_1.13.2/STM32CubeIDE/plugins/com.st.stm32cube.ide.mcu.externaltools.gnu-tools-for-stm32.11.3.rel1.win32_1.1.1.202309131626/tools/bin/../lib/gcc/arm-none-eabi/11.3.1/../../../../arm-none-eabi/lib/thumb/v7e-m+dp/hard\libc_nano.a(libc_a-stdio.o)
                              C:/Program Files/ST/STM32CubeIDE_1.13.2/STM32CubeIDE/plugins/com.st.stm32cube.ide.mcu.externaltools.gnu-tools-for-stm32.11.3.rel1.win32_1.1.1.202309131626/tools/bin/../lib/gcc/arm-none-eabi/11.3.1/../../../../arm-none-eabi/lib/thumb/v7e-m+dp/hard\libc_nano.a(libc_a-findfp.o) (__sread)
C:/Program Files/ST/STM32CubeIDE_1.13.2/STM32CubeIDE/plugins/com.st.stm32cube.ide.mcu.externaltools.gnu-tools-for-stm32.11.3.rel1.win32_1.1.1.202309131626/tools/bin/../lib/gcc/arm-none-eabi/11.3.1/../../../../arm-none-eabi/lib/thumb/v7e-m+dp/hard\libc_nano.a(libc_a-wbuf.o)
                              C:/Program Files/ST/STM32CubeIDE_1.13.2/STM32CubeIDE/plugins/com.st.stm32cube.ide.mcu.externaltools.gnu-tools-for-stm32.11.3.rel1.win32_1.1.1.202309131626/tools/bin/../lib/gcc/arm-none-eabi/11.3.1/../../../../arm-none-eabi/lib/thumb/v7e-m+dp/hard\libc_nano.a(libc_a-puts.o) (__swbuf_r)
C:/Program Files/ST/STM32CubeIDE_1.13.2/STM32CubeIDE/plugins/com.st.stm32cube.ide.mcu.externaltools.gnu-tools-for-stm32.11.3.rel1.win32_1.1.1.202309131626/tools/bin/../lib/gcc/arm-none-eabi/11.3.1/../../../../arm-none-eabi/lib/thumb/v7e-m+dp/hard\libc_nano.a(libc_a-wsetup.o)
                              C:/Program Files/ST/STM32CubeIDE_1.13.2/STM32CubeIDE/plugins/com.st.stm32cube.ide.mcu.externaltools.gnu-tools-for-stm32.11.3.rel1.win32_1.1.1.202309131626/tools/bin/../lib/gcc/arm-none-eabi/11.3.1/../../../../arm-none-eabi/lib/thumb/v7e-m+dp/hard\libc_nano.a(libc_a-puts.o) (__swsetup_r)
C:/Program Files/ST/STM32CubeIDE_1.13.2/STM32CubeIDE/plugins/com.st.stm32cube.ide.mcu.externaltools.gnu-tools-for-stm32.11.3.rel1.win32_1.1.1.202309131626/tools/bin/../lib/gcc/arm-none-eabi/11.3.1/../../../../arm-none-eabi/lib/thumb/v7e-m+dp/hard\libc_nano.a(libc_a-memset.o)
                              C:/Program Files/ST/STM32CubeIDE_1.13.2/STM32CubeIDE/plugins/com.st.stm32cube.ide.mcu.externaltools.gnu-tools-for-stm32.11.3.rel1.win32_1.1.1.202309131626/tools/bin/../lib/gcc/arm-none-eabi/11.3.1/../../../../arm-none-eabi/lib/thumb/v7e-m+dp/hard/crt0.o (memset)
[...]
Memory Configuration

Name             Origin             Length             Attributes
RAM              0x0000000020000000 0x0000000000080000 xrw
FLASH            0x0000000008000000 0x0000000000200000 xr
*default*        0x0000000000000000 0xffffffffffffffff

Linker script and memory map

LOAD C:/Program Files/ST/STM32CubeIDE_1.13.2/STM32CubeIDE/plugins/com.st.stm32cube.ide.mcu.externaltools.gnu-tools-for-stm32.11.3.rel1.win32_1.1.1.202309131626/tools/bin/../lib/gcc/arm-none-eabi/11.3.1/thumb/v7e-m+dp/hard/crti.o
LOAD C:/Program Files/ST/STM32CubeIDE_1.13.2/STM32CubeIDE/plugins/com.st.stm32cube.ide.mcu.externaltools.gnu-tools-for-stm32.11.3.rel1.win32_1.1.1.202309131626/tools/bin/../lib/gcc/arm-none-eabi/11.3.1/thumb/v7e-m+dp/hard/crtbegin.o
LOAD C:/Program Files/ST/STM32CubeIDE_1.13.2/STM32CubeIDE/plugins/com.st.stm32cube.ide.mcu.externaltools.gnu-tools-for-stm32.11.3.rel1.win32_1.1.1.202309131626/tools/bin/../lib/gcc/arm-none-eabi/11.3.1/../../../../arm-none-eabi/lib/thumb/v7e-m+dp/hard/crt0.o
LOAD ./Core/Src/adc.o
LOAD ./Core/Src/analog_driver.o
LOAD ./Core/Src/dma.o
LOAD ./Core/Src/error.o
LOAD ./Core/Src/freertos.o
LOAD ./Core/Src/gpio.o
LOAD ./Core/Src/imu_driver.o
LOAD ./Core/Src/iwdg.o
LOAD ./Core/Src/main.o
LOAD ./Core/Src/motor.o
LOAD ./Core/Src/retarget.o
LOAD ./Core/Src/spi.o
LOAD ./Core/Src/stm32f7xx_hal_msp.o
LOAD ./Core/Src/stm32f7xx_hal_timebase_tim.o
LOAD ./Core/Src/stm32f7xx_it.o
LOAD ./Core/Src/syscalls.o
LOAD ./Core/Src/sysmem.o
LOAD ./Core/Src/system_stm32f7xx.o
LOAD ./Core/Src/tim.o
LOAD ./Core/Src/usart.o
LOAD ./Core/Src/usb_otg.o
LOAD ./Core/Startup/startup_stm32f767zitx.o
LOAD ./Drivers/STM32F7xx_HAL_Driver/Src/stm32f7xx_hal.o
LOAD ./Drivers/STM32F7xx_HAL_Driver/Src/stm32f7xx_hal_adc.o
LOAD ./Drivers/STM32F7xx_HAL_Driver/Src/stm32f7xx_hal_adc_ex.o
LOAD ./Drivers/STM32F7xx_HAL_Driver/Src/stm32f7xx_hal_cortex.o
LOAD ./Drivers/STM32F7xx_HAL_Driver/Src/stm32f7xx_hal_dma.o
LOAD ./Drivers/STM32F7xx_HAL_Driver/Src/stm32f7xx_hal_dma_ex.o
LOAD ./Drivers/STM32F7xx_HAL_Driver/Src/stm32f7xx_hal_exti.o
LOAD ./Drivers/STM32F7xx_HAL_Driver/Src/stm32f7xx_hal_flash.o
LOAD ./Drivers/STM32F7xx_HAL_Driver/Src/stm32f7xx_hal_flash_ex.o
LOAD ./Drivers/STM32F7xx_HAL_Driver/Src/stm32f7xx_hal_gpio.o
LOAD ./Drivers/STM32F7xx_HAL_Driver/Src/stm32f7xx_hal_i2c.o
LOAD ./Drivers/STM32F7xx_HAL_Driver/Src/stm32f7xx_hal_i2c_ex.o
LOAD ./Drivers/STM32F7xx_HAL_Driver/Src/stm32f7xx_hal_iwdg.o
LOAD ./Drivers/STM32F7xx_HAL_Driver/Src/stm32f7xx_hal_pcd.o
LOAD ./Drivers/STM32F7xx_HAL_Driver/Src/stm32f7xx_hal_pcd_ex.o
LOAD ./Drivers/STM32F7xx_HAL_Driver/Src/stm32f7xx_hal_pwr.o
LOAD ./Drivers/STM32F7xx_HAL_Driver/Src/stm32f7xx_hal_pwr_ex.o
LOAD ./Drivers/STM32F7xx_HAL_Driver/Src/stm32f7xx_hal_rcc.o
LOAD ./Drivers/STM32F7xx_HAL_Driver/Src/stm32f7xx_hal_rcc_ex.o
LOAD ./Drivers/STM32F7xx_HAL_Driver/Src/stm32f7xx_hal_spi.o
LOAD ./Drivers/STM32F7xx_HAL_Driver/Src/stm32f7xx_hal_spi_ex.o
LOAD ./Drivers/STM32F7xx_HAL_Driver/Src/stm32f7xx_hal_tim.o
LOAD ./Drivers/STM32F7xx_HAL_Driver/Src/stm32f7xx_hal_tim_ex.o
LOAD ./Drivers/STM32F7xx_HAL_Driver/Src/stm32f7xx_hal_uart.o
LOAD ./Drivers/STM32F7xx_HAL_Driver/Src/stm32f7xx_hal_uart_ex.o
LOAD ./Drivers/STM32F7xx_HAL_Driver/Src/stm32f7xx_ll_usb.o
LOAD ./Middlewares/Third_Party/FreeRTOS/Source/CMSIS_RTOS_V2/cmsis_os2.o
LOAD ./Middlewares/Third_Party/FreeRTOS/Source/croutine.o
LOAD ./Middlewares/Third_Party/FreeRTOS/Source/event_groups.o
LOAD ./Middlewares/Third_Party/FreeRTOS/Source/list.o
LOAD ./Middlewares/Third_Party/FreeRTOS/Source/queue.o
LOAD ./Middlewares/Third_Party/FreeRTOS/Source/stream_buffer.o
LOAD ./Middlewares/Third_Party/FreeRTOS/Source/tasks.o
LOAD ./Middlewares/Third_Party/FreeRTOS/Source/timers.o
LOAD ./Middlewares/Third_Party/FreeRTOS/Source/portable/GCC/ARM_CM7/r0p1/port.o
LOAD ./Middlewares/Third_Party/FreeRTOS/Source/portable/MemMang/heap_4.o
LOAD ./Middlewares/Third_Party/SH2/euler.o
LOAD ./Middlewares/Third_Party/SH2/sh2.o
LOAD ./Middlewares/Third_Party/SH2/sh2_SensorValue.o
LOAD ./Middlewares/Third_Party/SH2/sh2_util.o
LOAD ./Middlewares/Third_Party/SH2/shtp.o
START GROUP
LOAD C:/Program Files/ST/STM32CubeIDE_1.13.2/STM32CubeIDE/plugins/com.st.stm32cube.ide.mcu.externaltools.gnu-tools-for-stm32.11.3.rel1.win32_1.1.1.202309131626/tools/bin/../lib/gcc/arm-none-eabi/11.3.1/../../../../arm-none-eabi/lib/thumb/v7e-m+dp/hard\libc_nano.a
LOAD C:/Program Files/ST/STM32CubeIDE_1.13.2/STM32CubeIDE/plugins/com.st.stm32cube.ide.mcu.externaltools.gnu-tools-for-stm32.11.3.rel1.win32_1.1.1.202309131626/tools/bin/../lib/gcc/arm-none-eabi/11.3.1/../../../../arm-none-eabi/lib/thumb/v7e-m+dp/hard\libm.a
END GROUP
START GROUP
LOAD C:/Program Files/ST/STM32CubeIDE_1.13.2/STM32CubeIDE/plugins/com.st.stm32cube.ide.mcu.externaltools.gnu-tools-for-stm32.11.3.rel1.win32_1.1.1.202309131626/tools/bin/../lib/gcc/arm-none-eabi/11.3.1/thumb/v7e-m+dp/hard\libgcc.a
LOAD C:/Program Files/ST/STM32CubeIDE_1.13.2/STM32CubeIDE/plugins/com.st.stm32cube.ide.mcu.externaltools.gnu-tools-for-stm32.11.3.rel1.win32_1.1.1.202309131626/tools/bin/../lib/gcc/arm-none-eabi/11.3.1/../../../../arm-none-eabi/lib/thumb/v7e-m+dp/hard\libc_nano.a
END GROUP
START GROUP
LOAD C:/Program Files/ST/STM32CubeIDE_1.13.2/STM32CubeIDE/plugins/com.st.stm32cube.ide.mcu.externaltools.gnu-tools-for-stm32.11.3.rel1.win32_1.1.1.202309131626/tools/bin/../lib/gcc/arm-none-eabi/11.3.1/thumb/v7e-m+dp/hard\libgcc.a
LOAD C:/Program Files/ST/STM32CubeIDE_1.13.2/STM32CubeIDE/plugins/com.st.stm32cube.ide.mcu.externaltools.gnu-tools-for-stm32.11.3.rel1.win32_1.1.1.202309131626/tools/bin/../lib/gcc/arm-none-eabi/11.3.1/../../../../arm-none-eabi/lib/thumb/v7e-m+dp/hard\libc_nano.a
LOAD C:/Program Files/ST/STM32CubeIDE_1.13.2/STM32CubeIDE/plugins/com.st.stm32cube.ide.mcu.externaltools.gnu-tools-for-stm32.11.3.rel1.win32_1.1.1.202309131626/tools/bin/../lib/gcc/arm-none-eabi/11.3.1/../../../../arm-none-eabi/lib/thumb/v7e-m+dp/hard\libnosys.a
END GROUP
START GROUP
LOAD C:/Program Files/ST/STM32CubeIDE_1.13.2/STM32CubeIDE/plugins/com.st.stm32cube.ide.mcu.externaltools.gnu-tools-for-stm32.11.3.rel1.win32_1.1.1.202309131626/tools/bin/../lib/gcc/arm-none-eabi/11.3.1/thumb/v7e-m+dp/hard\libgcc.a
LOAD C:/Program Files/ST/STM32CubeIDE_1.13.2/STM32CubeIDE/plugins/com.st.stm32cube.ide.mcu.externaltools.gnu-tools-for-stm32.11.3.rel1.win32_1.1.1.202309131626/tools/bin/../lib/gcc/arm-none-eabi/11.3.1/../../../../arm-none-eabi/lib/thumb/v7e-m+dp/hard\libc_nano.a
LOAD C:/Program Files/ST/STM32CubeIDE_1.13.2/STM32CubeIDE/plugins/com.st.stm32cube.ide.mcu.externaltools.gnu-tools-for-stm32.11.3.rel1.win32_1.1.1.202309131626/tools/bin/../lib/gcc/arm-none-eabi/11.3.1/../../../../arm-none-eabi/lib/thumb/v7e-m+dp/hard\libnosys.a
END GROUP
LOAD C:/Program Files/ST/STM32CubeIDE_1.13.2/STM32CubeIDE/plugins/com.st.stm32cube.ide.mcu.externaltools.gnu-tools-for-stm32.11.3.rel1.win32_1.1.1.202309131626/tools/bin/../lib/gcc/arm-none-eabi/11.3.1/thumb/v7e-m+dp/hard/crtend.o
LOAD C:/Program Files/ST/STM32CubeIDE_1.13.2/STM32CubeIDE/plugins/com.st.stm32cube.ide.mcu.externaltools.gnu-tools-for-stm32.11.3.rel1.win32_1.1.1.202309131626/tools/bin/../lib/gcc/arm-none-eabi/11.3.1/thumb/v7e-m+dp/hard/crtn.o
                0x0000000020080000                _estack = (ORIGIN (RAM) + LENGTH (RAM))
                0x0000000000000200                _Min_Heap_Size = 0x200
                0x0000000000000400                _Min_Stack_Size = 0x400

.isr_vector     0x0000000008000000      0x1f8
                0x0000000008000000                . = ALIGN (0x4)
 *(.isr_vector)
 .isr_vector    0x0000000008000000      0x1f8 ./Core/Startup/startup_stm32f767zitx.o
                0x0000000008000000                g_pfnVectors
                0x00000000080001f8                . = ALIGN (0x4)

.text           0x0000000008000200     0x8d94
                0x0000000008000200                . = ALIGN (0x4)
 *(.text)
 .text          0x0000000008000200       0x40 C:/Program Files/ST/STM32CubeIDE_1.13.2/STM32CubeIDE/plugins/com.st.stm32cube.ide.mcu.externaltools.gnu-tools-for-stm32.11.3.rel1.win32_1.1.1.202309131626/tools/bin/../lib/gcc/arm-none-eabi/11.3.1/thumb/v7e-m+dp/hard/crtbegin.o
 .text          0x0000000008000240       0xa0 C:/Program Files/ST/STM32CubeIDE_1.13.2/STM32CubeIDE/plugins/com.st.stm32cube.ide.mcu.externaltools.gnu-tools-for-stm32.11.3.rel1.win32_1.1.1.202309131626/tools/bin/../lib/gcc/arm-none-eabi/11.3.1/../../../../arm-none-eabi/lib/thumb/v7e-m+dp/hard\libc_nano.a(libc_a-memchr.o)
                0x0000000008000240                memchr
 .text          0x00000000080002e0       0x30 C:/Program Files/ST/STM32CubeIDE_1.13.2/STM32CubeIDE/plugins/com.st.stm32cube.ide.mcu.externaltools.gnu-tools-for-stm32.11.3.rel1.win32_1.1.1.202309131626/tools/bin/../lib/gcc/arm-none-eabi/11.3.1/thumb/v7e-m+dp/hard\libgcc.a(_aeabi_uldivmod.o)
                0x00000000080002e0                __aeabi_uldivmod
 .text          0x0000000008000310      0x2c8 C:/Program Files/ST/STM32CubeIDE_1.13.2/STM32CubeIDE/plugins/com.st.stm32cube.ide.mcu.externaltools.gnu-tools-for-stm32.11.3.rel1.win32_1.1.1.202309131626/tools/bin/../lib/gcc/arm-none-eabi/11.3.1/thumb/v7e-m+dp/hard\libgcc.a(_udivmoddi4.o)
                0x0000000008000310                __udivmoddi4
 .text          0x00000000080005d8        0x4 C:/Program Files/ST/STM32CubeIDE_1.13.2/STM32CubeIDE/plugins/com.st.stm32cube.ide.mcu.externaltools.gnu-tools-for-stm32.11.3.rel1.win32_1.1.1.202309131626/tools/bin/../lib/gcc/arm-none-eabi/11.3.1/thumb/v7e-m+dp/hard\libgcc.a(_dvmd_tls.o)
                0x00000000080005d8                __aeabi_idiv0
                0x00000000080005d8                __aeabi_ldiv0
 *(.text*)
 .text.MX_ADC1_Init
                0x00000000080005dc       0x68 ./Core/Src/adc.o
                0x00000000080005dc                MX_ADC1_Init
 .text.HAL_ADC_MspInit
                0x0000000008000644       0xa4 ./Core/Src/adc.o
                0x0000000008000644                HAL_ADC_MspInit
 .text.HAL_ADC_ConvCpltCallback
                0x00000000080006e8       0x1c ./Core/Src/adc.o
                0x00000000080006e8                HAL_ADC_ConvCpltCallback
 .text.ADC1_ReadAverage
                0x0000000008000704       0xb4 ./Core/Src/analog_driver.o
                0x0000000008000704                ADC1_ReadAverage
 .text.MX_DMA_Init
                0x00000000080007b8       0x30 ./Core/Src/dma.o
                0x00000000080007b8                MX_DMA_Init
 .text.RoboSoccer_errorHandler
                0x00000000080007e8       0x90 ./Core/Src/error.o
                0x00000000080007e8                RoboSoccer_errorHandler
 .text.StartAnalogTask
                0x0000000008000878       0x2c ./Core/Src/freertos.o
                0x0000000008000878                StartAnalogTask
 .text.StartGeneralTask0
                0x00000000080008a4       0x3c ./Core/Src/freertos.o
                0x00000000080008a4                StartGeneralTask0
 .text.StartImuTask
                0x00000000080008e0       0x2c ./Core/Src/freertos.o
                0x00000000080008e0                StartImuTask
 .text.configureTimerForRunTimeStats
                0x000000000800090c        0x2 ./Core/Src/freertos.o
                0x000000000800090c                configureTimerForRunTimeStats
 .text.getRunTimeCounterValue
                0x000000000800090e        0x4 ./Core/Src/freertos.o
                0x000000000800090e                getRunTimeCounterValue
 *fill*         0x0000000008000912        0x2 
 .text.vApplicationIdleHook
                0x0000000008000914        0xc ./Core/Src/freertos.o
                0x0000000008000914                vApplicationIdleHook
 .text.vApplicationTickHook
                0x0000000008000920        0x2 ./Core/Src/freertos.o
                0x0000000008000920                vApplicationTickHook
 *fill*         0x0000000008000922        0x2 
 .text.vApplicationStackOverflowHook
                0x0000000008000924        0xc ./Core/Src/freertos.o
                0x0000000008000924                vApplicationStackOverflowHook
 .text.MX_FREERTOS_Init
                0x0000000008000930       0x68 ./Core/Src/freertos.o
                0x0000000008000930                MX_FREERTOS_Init
 .text.MX_GPIO_Init
                0x0000000008000998      0x18c ./Core/Src/gpio.o
                0x0000000008000998                MX_GPIO_Init
 .text.imu_hal_init_gpio
                0x0000000008000b24       0x94 ./Core/Src/gpio.o
                0x0000000008000b24                imu_hal_init_gpio
 .text.HAL_GPIO_EXTI_Callback
                0x0000000008000bb8       0x34 ./Core/Src/gpio.o
                0x0000000008000bb8                HAL_GPIO_EXTI_Callback
 .text.delay    0x0000000008000bec       0x24 ./Core/Src/imu_driver.o
 .text.imu_hal_get_time
                0x0000000008000c10        0xc ./Core/Src/imu_driver.o
 .text.imu_start_Receive
                0x0000000008000c1c       0x20 ./Core/Src/imu_driver.o
 .text.imu_dataHandler
                0x0000000008000c3c       0x5c ./Core/Src/imu_driver.o
 .text.sh2_eventHanlder
                0x0000000008000c98       0x98 ./Core/Src/imu_driver.o
 .text.imu_hal_disable_interrupt
                0x0000000008000d30       0x12 ./Core/Src/imu_driver.o
 .text.imu_hal_enable_interrupt
                0x0000000008000d42       0x12 ./Core/Src/imu_driver.o
 .text.imu_hal_close
                0x0000000008000d54       0x64 ./Core/Src/imu_driver.o
 .text.imu_start_reports
                0x0000000008000db8       0x68 ./Core/Src/imu_driver.o
 .text.imu_hal_write
                0x0000000008000e20       0x50 ./Core/Src/imu_driver.o
 .text.imu_hal_open
                0x0000000008000e70       0xfc ./Core/Src/imu_driver.o
 .text.imu_spi_activate
                0x0000000008000f6c       0xf8 ./Core/Src/imu_driver.o
                0x0000000008000f6c                imu_spi_activate
 .text.imu_hal_read
                0x0000000008001064       0x50 ./Core/Src/imu_driver.o
 .text.imu_spi_completed
                0x00000000080010b4       0xf4 ./Core/Src/imu_driver.o
                0x00000000080010b4                imu_spi_completed
 .text.imu_sys_init
                0x00000000080011a8       0xe0 ./Core/Src/imu_driver.o
                0x00000000080011a8                imu_sys_init
 .text.imu_service
                0x0000000008001288       0x28 ./Core/Src/imu_driver.o
                0x0000000008001288                imu_service
 .text.MX_IWDG_Init
                0x00000000080012b0       0x30 ./Core/Src/iwdg.o
                0x00000000080012b0                MX_IWDG_Init
 .text.reset_cause_get
                0x00000000080012e0       0x5c ./Core/Src/main.o
                0x00000000080012e0                reset_cause_get
 .text.reset_cause_get_name
                0x000000000800133c       0x18 ./Core/Src/main.o
                0x000000000800133c                reset_cause_get_name
 .text.HAL_TIM_PeriodElapsedCallback
                0x0000000008001354       0x14 ./Core/Src/main.o
                0x0000000008001354                HAL_TIM_PeriodElapsedCallback
 .text.Error_Handler
                0x0000000008001368        0xa ./Core/Src/main.o
                0x0000000008001368                Error_Handler
 *fill*         0x0000000008001372        0x2 
 .text.SystemClock_Config
                0x0000000008001374       0xac ./Core/Src/main.o
                0x0000000008001374                SystemClock_Config
 .text.startup.main
                0x0000000008001420      0x120 ./Core/Src/main.o
                0x0000000008001420                main
 .text._write   0x0000000008001540       0x78 ./Core/Src/retarget.o
                0x0000000008001540                _write
 .text.HAL_SPI_MspInit
                0x00000000080015b8       0xa4 ./Core/Src/spi.o
                0x00000000080015b8                HAL_SPI_MspInit
 .text.HAL_SPI_MspDeInit
                0x000000000800165c       0x44 ./Core/Src/spi.o
                0x000000000800165c                HAL_SPI_MspDeInit
 .text.imu_hal_init_spi
                0x00000000080016a0       0xcc ./Core/Src/spi.o
                0x00000000080016a0                imu_hal_init_spi
 .text.HAL_SPI_TxRxCpltCallback
                0x000000000800176c       0x20 ./Core/Src/spi.o
                0x000000000800176c                HAL_SPI_TxRxCpltCallback
 .text.HAL_MspInit
                0x000000000800178c       0x3c ./Core/Src/stm32f7xx_hal_msp.o
                0x000000000800178c                HAL_MspInit
 .text.HAL_InitTick
                0x00000000080017c8       0x9c ./Core/Src/stm32f7xx_hal_timebase_tim.o
                0x00000000080017c8                HAL_InitTick
 .text.NMI_Handler
                0x0000000008001864        0x2 ./Core/Src/stm32f7xx_it.o
                0x0000000008001864                NMI_Handler
 *fill*         0x0000000008001866        0x2 
 .text.HardFault_Handler
                0x0000000008001868       0x34 ./Core/Src/stm32f7xx_it.o
                0x0000000008001868                HardFault_Handler
 .text.MemManage_Handler
                0x000000000800189c       0x48 ./Core/Src/stm32f7xx_it.o
                0x000000000800189c                MemManage_Handler
 .text.BusFault_Handler
                0x00000000080018e4       0x54 ./Core/Src/stm32f7xx_it.o
                0x00000000080018e4                BusFault_Handler
 .text.UsageFault_Handler
                0x0000000008001938       0x74 ./Core/Src/stm32f7xx_it.o
                0x0000000008001938                UsageFault_Handler
 .text.DebugMon_Handler
                0x00000000080019ac        0x2 ./Core/Src/stm32f7xx_it.o
                0x00000000080019ac                DebugMon_Handler
 .text.EXTI0_IRQHandler
                0x00000000080019ae        0x6 ./Core/Src/stm32f7xx_it.o
                0x00000000080019ae                EXTI0_IRQHandler
 .text.USART1_IRQHandler
                0x00000000080019b4        0xc ./Core/Src/stm32f7xx_it.o
                0x00000000080019b4                USART1_IRQHandler
 .text.USART3_IRQHandler
                0x00000000080019c0        0xc ./Core/Src/stm32f7xx_it.o
                0x00000000080019c0                USART3_IRQHandler
 .text.SPI3_IRQHandler
                0x00000000080019cc        0xc ./Core/Src/stm32f7xx_it.o
                0x00000000080019cc                SPI3_IRQHandler
 .text.TIM6_DAC_IRQHandler
                0x00000000080019d8        0xc ./Core/Src/stm32f7xx_it.o
                0x00000000080019d8                TIM6_DAC_IRQHandler
 .text.DMA2_Stream0_IRQHandler
                0x00000000080019e4        0xc ./Core/Src/stm32f7xx_it.o
                0x00000000080019e4                DMA2_Stream0_IRQHandler
 .text._read    0x00000000080019f0       0x1c ./Core/Src/syscalls.o
                0x00000000080019f0                _read
 .text._close   0x0000000008001a0c        0x6 ./Core/Src/syscalls.o
                0x0000000008001a0c                _close
 .text._fstat   0x0000000008001a12        0xa ./Core/Src/syscalls.o
                0x0000000008001a12                _fstat
 .text._isatty  0x0000000008001a1c        0x4 ./Core/Src/syscalls.o
                0x0000000008001a1c                _isatty
 .text._lseek   0x0000000008001a20        0x4 ./Core/Src/syscalls.o
                0x0000000008001a20                _lseek
 .text._sbrk    0x0000000008001a24       0x40 ./Core/Src/sysmem.o
                0x0000000008001a24                _sbrk
 .text.SystemInit
                0x0000000008001a64       0x14 ./Core/Src/system_stm32f7xx.o
                0x0000000008001a64                SystemInit
 .text.HAL_TIM_Base_MspInit
                0x0000000008001a78       0x24 ./Core/Src/tim.o
                0x0000000008001a78                HAL_TIM_Base_MspInit
 .text.imu_hal_init_timer
                0x0000000008001a9c       0x9c ./Core/Src/tim.o
                0x0000000008001a9c                imu_hal_init_timer
 .text.MX_USART1_UART_Init
                0x0000000008001b38       0x3c ./Core/Src/usart.o
                0x0000000008001b38                MX_USART1_UART_Init
 .text.MX_USART3_UART_Init
                0x0000000008001b74       0x3c ./Core/Src/usart.o
                0x0000000008001b74                MX_USART3_UART_Init
 .text.HAL_UART_MspInit
                0x0000000008001bb0      0x10c ./Core/Src/usart.o
                0x0000000008001bb0                HAL_UART_MspInit
 .text.HAL_UART_TxCpltCallback
                0x0000000008001cbc       0x64 ./Core/Src/usart.o
                0x0000000008001cbc                HAL_UART_TxCpltCallback
 .text.Reset_Handler
                0x0000000008001d20       0x50 ./Core/Startup/startup_stm32f767zitx.o
                0x0000000008001d20                Reset_Handler
 .text.Default_Handler
                0x0000000008001d70        0x2 ./Core/Startup/startup_stm32f767zitx.o
                0x0000000008001d70                RTC_Alarm_IRQHandler
                0x0000000008001d70                EXTI2_IRQHandler
                0x0000000008001d70                TIM8_CC_IRQHandler
                0x0000000008001d70                UART8_IRQHandler
                0x0000000008001d70                SPI4_IRQHandler
                0x0000000008001d70                TIM1_CC_IRQHandler
                0x0000000008001d70                DMA2_Stream5_IRQHandler
                0x0000000008001d70                JPEG_IRQHandler
                0x0000000008001d70                DMA1_Stream5_IRQHandler
                0x0000000008001d70                CAN3_RX1_IRQHandler
                0x0000000008001d70                PVD_IRQHandler
                0x0000000008001d70                TAMP_STAMP_IRQHandler
                0x0000000008001d70                CAN2_RX1_IRQHandler
                0x0000000008001d70                EXTI3_IRQHandler
                0x0000000008001d70                TIM8_TRG_COM_TIM14_IRQHandler
                0x0000000008001d70                DFSDM1_FLT1_IRQHandler
                0x0000000008001d70                TIM1_UP_TIM10_IRQHandler
                0x0000000008001d70                TIM8_UP_TIM13_IRQHandler
                0x0000000008001d70                I2C3_ER_IRQHandler
                0x0000000008001d70                DFSDM1_FLT2_IRQHandler
                0x0000000008001d70                I2C2_EV_IRQHandler
                0x0000000008001d70                DMA1_Stream2_IRQHandler
                0x0000000008001d70                CAN1_RX0_IRQHandler
                0x0000000008001d70                FPU_IRQHandler
                0x0000000008001d70                OTG_HS_WKUP_IRQHandler
                0x0000000008001d70                CAN3_SCE_IRQHandler
                0x0000000008001d70                LTDC_ER_IRQHandler
                0x0000000008001d70                CAN2_SCE_IRQHandler
                0x0000000008001d70                DMA2_Stream2_IRQHandler
                0x0000000008001d70                SPI1_IRQHandler
                0x0000000008001d70                TIM1_BRK_TIM9_IRQHandler
                0x0000000008001d70                DCMI_IRQHandler
                0x0000000008001d70                CAN2_RX0_IRQHandler
                0x0000000008001d70                DMA2_Stream3_IRQHandler
                0x0000000008001d70                SAI2_IRQHandler
                0x0000000008001d70                DFSDM1_FLT3_IRQHandler
                0x0000000008001d70                USART6_IRQHandler
                0x0000000008001d70                CAN3_RX0_IRQHandler
                0x0000000008001d70                CAN1_RX1_IRQHandler
                0x0000000008001d70                UART5_IRQHandler
                0x0000000008001d70                TIM4_IRQHandler
                0x0000000008001d70                QUADSPI_IRQHandler
                0x0000000008001d70                I2C1_EV_IRQHandler
                0x0000000008001d70                DMA1_Stream6_IRQHandler
                0x0000000008001d70                DMA1_Stream1_IRQHandler
                0x0000000008001d70                UART4_IRQHandler
                0x0000000008001d70                TIM3_IRQHandler
                0x0000000008001d70                RCC_IRQHandler
                0x0000000008001d70                TIM8_BRK_TIM12_IRQHandler
                0x0000000008001d70                Default_Handler
                0x0000000008001d70                CEC_IRQHandler
                0x0000000008001d70                EXTI15_10_IRQHandler
                0x0000000008001d70                ADC_IRQHandler
                0x0000000008001d70                DMA1_Stream7_IRQHandler
                0x0000000008001d70                SPI5_IRQHandler
                0x0000000008001d70                TIM7_IRQHandler
                0x0000000008001d70                SDMMC1_IRQHandler
                0x0000000008001d70                CAN2_TX_IRQHandler
                0x0000000008001d70                TIM5_IRQHandler
                0x0000000008001d70                DMA2_Stream7_IRQHandler
                0x0000000008001d70                I2C3_EV_IRQHandler
                0x0000000008001d70                EXTI9_5_IRQHandler
                0x0000000008001d70                RTC_WKUP_IRQHandler
                0x0000000008001d70                LTDC_IRQHandler
                0x0000000008001d70                ETH_WKUP_IRQHandler
                0x0000000008001d70                SPDIF_RX_IRQHandler
                0x0000000008001d70                SPI2_IRQHandler
                0x0000000008001d70                OTG_HS_EP1_IN_IRQHandler
                0x0000000008001d70                DMA1_Stream0_IRQHandler
                0x0000000008001d70                CAN1_TX_IRQHandler
                0x0000000008001d70                EXTI4_IRQHandler
                0x0000000008001d70                RNG_IRQHandler
                0x0000000008001d70                ETH_IRQHandler
                0x0000000008001d70                OTG_HS_EP1_OUT_IRQHandler
                0x0000000008001d70                WWDG_IRQHandler
                0x0000000008001d70                SPI6_IRQHandler
                0x0000000008001d70                MDIOS_IRQHandler
                0x0000000008001d70                I2C4_EV_IRQHandler
                0x0000000008001d70                CAN3_TX_IRQHandler
                0x0000000008001d70                TIM2_IRQHandler
                0x0000000008001d70                OTG_FS_WKUP_IRQHandler
                0x0000000008001d70                TIM1_TRG_COM_TIM11_IRQHandler
                0x0000000008001d70                OTG_HS_IRQHandler
                0x0000000008001d70                DMA2D_IRQHandler
                0x0000000008001d70                EXTI1_IRQHandler
                0x0000000008001d70                SDMMC2_IRQHandler
                0x0000000008001d70                UART7_IRQHandler
                0x0000000008001d70                USART2_IRQHandler
                0x0000000008001d70                DFSDM1_FLT0_IRQHandler
                0x0000000008001d70                I2C2_ER_IRQHandler
                0x0000000008001d70                DMA2_Stream1_IRQHandler
                0x0000000008001d70                CAN1_SCE_IRQHandler
                0x0000000008001d70                FLASH_IRQHandler
                0x0000000008001d70                DMA2_Stream4_IRQHandler
                0x0000000008001d70                OTG_FS_IRQHandler
                0x0000000008001d70                DMA1_Stream4_IRQHandler
                0x0000000008001d70                I2C1_ER_IRQHandler
                0x0000000008001d70                FMC_IRQHandler
                0x0000000008001d70                LPTIM1_IRQHandler
                0x0000000008001d70                I2C4_ER_IRQHandler
                0x0000000008001d70                DMA2_Stream6_IRQHandler
                0x0000000008001d70                SAI1_IRQHandler
                0x0000000008001d70                DMA1_Stream3_IRQHandler
 *fill*         0x0000000008001d72        0x2 
 .text.HAL_Init
                0x0000000008001d74       0x24 ./Drivers/STM32F7xx_HAL_Driver/Src/stm32f7xx_hal.o
                0x0000000008001d74                HAL_Init
 .text.HAL_IncTick
                0x0000000008001d98       0x18 ./Drivers/STM32F7xx_HAL_Driver/Src/stm32f7xx_hal.o
                0x0000000008001d98                HAL_IncTick
 .text.HAL_GetTick
                0x0000000008001db0        0xc ./Drivers/STM32F7xx_HAL_Driver/Src/stm32f7xx_hal.o
                0x0000000008001db0                HAL_GetTick
 .text.HAL_Delay
                0x0000000008001dbc       0x24 ./Drivers/STM32F7xx_HAL_Driver/Src/stm32f7xx_hal.o
                0x0000000008001dbc                HAL_Delay
 .text.HAL_ADC_Init
                0x0000000008001de0      0x14c ./Drivers/STM32F7xx_HAL_Driver/Src/stm32f7xx_hal_adc.o
                0x0000000008001de0                HAL_ADC_Init
 .text.HAL_ADC_Start_DMA
                0x0000000008001f2c      0x130 ./Drivers/STM32F7xx_HAL_Driver/Src/stm32f7xx_hal_adc.o
                0x0000000008001f2c                HAL_ADC_Start_DMA
 .text.HAL_ADC_Stop_DMA
                0x000000000800205c       0x72 ./Drivers/STM32F7xx_HAL_Driver/Src/stm32f7xx_hal_adc.o
                0x000000000800205c                HAL_ADC_Stop_DMA
 .text.HAL_ADC_ConvHalfCpltCallback
                0x00000000080020ce        0x2 ./Drivers/STM32F7xx_HAL_Driver/Src/stm32f7xx_hal_adc.o
                0x00000000080020ce                HAL_ADC_ConvHalfCpltCallback
 .text.ADC_DMAHalfConvCplt
                0x00000000080020d0        0xa ./Drivers/STM32F7xx_HAL_Driver/Src/stm32f7xx_hal_adc.o
 .text.HAL_ADC_ErrorCallback
                0x00000000080020da        0x2 ./Drivers/STM32F7xx_HAL_Driver/Src/stm32f7xx_hal_adc.o
                0x00000000080020da                HAL_ADC_ErrorCallback
 .text.ADC_DMAError
                0x00000000080020dc       0x16 ./Drivers/STM32F7xx_HAL_Driver/Src/stm32f7xx_hal_adc.o
 .text.ADC_DMAConvCplt
                0x00000000080020f2       0x6c ./Drivers/STM32F7xx_HAL_Driver/Src/stm32f7xx_hal_adc.o
 *fill*         0x000000000800215e        0x2 
 .text.HAL_ADC_ConfigChannel
                0x0000000008002160      0x158 ./Drivers/STM32F7xx_HAL_Driver/Src/stm32f7xx_hal_adc.o
                0x0000000008002160                HAL_ADC_ConfigChannel
 .text.HAL_NVIC_SetPriorityGrouping
                0x00000000080022b8       0x24 ./Drivers/STM32F7xx_HAL_Driver/Src/stm32f7xx_hal_cortex.o
                0x00000000080022b8                HAL_NVIC_SetPriorityGrouping
 .text.HAL_NVIC_SetPriority
                0x00000000080022dc       0x64 ./Drivers/STM32F7xx_HAL_Driver/Src/stm32f7xx_hal_cortex.o
                0x00000000080022dc                HAL_NVIC_SetPriority
 .text.HAL_NVIC_EnableIRQ
                0x0000000008002340       0x1c ./Drivers/STM32F7xx_HAL_Driver/Src/stm32f7xx_hal_cortex.o
                0x0000000008002340                HAL_NVIC_EnableIRQ
 .text.HAL_NVIC_DisableIRQ
                0x000000000800235c       0x24 ./Drivers/STM32F7xx_HAL_Driver/Src/stm32f7xx_hal_cortex.o
                0x000000000800235c                HAL_NVIC_DisableIRQ
 .text.DMA_CalcBaseAndBitshift
                0x0000000008002380       0x2c ./Drivers/STM32F7xx_HAL_Driver/Src/stm32f7xx_hal_dma.o
 .text.HAL_DMA_Init
                0x00000000080023ac       0xfc ./Drivers/STM32F7xx_HAL_Driver/Src/stm32f7xx_hal_dma.o
                0x00000000080023ac                HAL_DMA_Init
 .text.HAL_DMA_Start_IT
                0x00000000080024a8       0x7a ./Drivers/STM32F7xx_HAL_Driver/Src/stm32f7xx_hal_dma.o
                0x00000000080024a8                HAL_DMA_Start_IT
 .text.HAL_DMA_Abort
                0x0000000008002522       0x7e ./Drivers/STM32F7xx_HAL_Driver/Src/stm32f7xx_hal_dma.o
                0x0000000008002522                HAL_DMA_Abort
 .text.HAL_DMA_Abort_IT
                0x00000000080025a0       0x24 ./Drivers/STM32F7xx_HAL_Driver/Src/stm32f7xx_hal_dma.o
                0x00000000080025a0                HAL_DMA_Abort_IT
 .text.HAL_DMA_IRQHandler
                0x00000000080025c4      0x17c ./Drivers/STM32F7xx_HAL_Driver/Src/stm32f7xx_hal_dma.o
                0x00000000080025c4                HAL_DMA_IRQHandler
 .text.HAL_GPIO_Init
                0x0000000008002740      0x1c4 ./Drivers/STM32F7xx_HAL_Driver/Src/stm32f7xx_hal_gpio.o
                0x0000000008002740                HAL_GPIO_Init
 .text.HAL_GPIO_DeInit
                0x0000000008002904      0x140 ./Drivers/STM32F7xx_HAL_Driver/Src/stm32f7xx_hal_gpio.o
                0x0000000008002904                HAL_GPIO_DeInit
 .text.HAL_GPIO_WritePin
                0x0000000008002a44        0xa ./Drivers/STM32F7xx_HAL_Driver/Src/stm32f7xx_hal_gpio.o
                0x0000000008002a44                HAL_GPIO_WritePin
 .text.HAL_GPIO_TogglePin
                0x0000000008002a4e       0x12 ./Drivers/STM32F7xx_HAL_Driver/Src/stm32f7xx_hal_gpio.o
                0x0000000008002a4e                HAL_GPIO_TogglePin
 .text.HAL_GPIO_EXTI_IRQHandler
                0x0000000008002a60       0x18 ./Drivers/STM32F7xx_HAL_Driver/Src/stm32f7xx_hal_gpio.o
                0x0000000008002a60                HAL_GPIO_EXTI_IRQHandler
 .text.HAL_IWDG_Init
                0x0000000008002a78       0x60 ./Drivers/STM32F7xx_HAL_Driver/Src/stm32f7xx_hal_iwdg.o
                0x0000000008002a78                HAL_IWDG_Init
 .text.HAL_IWDG_Refresh
                0x0000000008002ad8        0xc ./Drivers/STM32F7xx_HAL_Driver/Src/stm32f7xx_hal_iwdg.o
                0x0000000008002ad8                HAL_IWDG_Refresh
 .text.HAL_PWR_EnableBkUpAccess
                0x0000000008002ae4       0x10 ./Drivers/STM32F7xx_HAL_Driver/Src/stm32f7xx_hal_pwr.o
                0x0000000008002ae4                HAL_PWR_EnableBkUpAccess
 .text.HAL_PWREx_EnableOverDrive
                0x0000000008002af4       0x70 ./Drivers/STM32F7xx_HAL_Driver/Src/stm32f7xx_hal_pwr_ex.o
                0x0000000008002af4                HAL_PWREx_EnableOverDrive
 .text.HAL_RCC_OscConfig
                0x0000000008002b64      0x384 ./Drivers/STM32F7xx_HAL_Driver/Src/stm32f7xx_hal_rcc.o
                0x0000000008002b64                HAL_RCC_OscConfig
 .text.HAL_RCC_GetSysClockFreq
                0x0000000008002ee8       0x5c ./Drivers/STM32F7xx_HAL_Driver/Src/stm32f7xx_hal_rcc.o
                0x0000000008002ee8                HAL_RCC_GetSysClockFreq
 .text.HAL_RCC_ClockConfig
                0x0000000008002f44      0x13c ./Drivers/STM32F7xx_HAL_Driver/Src/stm32f7xx_hal_rcc.o
                0x0000000008002f44                HAL_RCC_ClockConfig
 .text.HAL_RCC_GetPCLK1Freq
                0x0000000008003080       0x20 ./Drivers/STM32F7xx_HAL_Driver/Src/stm32f7xx_hal_rcc.o
                0x0000000008003080                HAL_RCC_GetPCLK1Freq
 .text.HAL_RCC_GetPCLK2Freq
                0x00000000080030a0       0x20 ./Drivers/STM32F7xx_HAL_Driver/Src/stm32f7xx_hal_rcc.o
                0x00000000080030a0                HAL_RCC_GetPCLK2Freq
 .text.HAL_RCC_GetClockConfig
                0x00000000080030c0       0x3c ./Drivers/STM32F7xx_HAL_Driver/Src/stm32f7xx_hal_rcc.o
                0x00000000080030c0                HAL_RCC_GetClockConfig
 .text.HAL_RCCEx_PeriphCLKConfig
                0x00000000080030fc      0x55c ./Drivers/STM32F7xx_HAL_Driver/Src/stm32f7xx_hal_rcc_ex.o
                0x00000000080030fc                HAL_RCCEx_PeriphCLKConfig
 .text.SPI_WaitFlagStateUntilTimeout.constprop.0
                0x0000000008003658       0xa4 ./Drivers/STM32F7xx_HAL_Driver/Src/stm32f7xx_hal_spi.o
 .text.SPI_WaitFifoStateUntilTimeout.constprop.0
                0x00000000080036fc       0xc8 ./Drivers/STM32F7xx_HAL_Driver/Src/stm32f7xx_hal_spi.o
 .text.SPI_EndRxTxTransaction
                0x00000000080037c4       0x84 ./Drivers/STM32F7xx_HAL_Driver/Src/stm32f7xx_hal_spi.o
 .text.HAL_SPI_Init
                0x0000000008003848       0xdc ./Drivers/STM32F7xx_HAL_Driver/Src/stm32f7xx_hal_spi.o
                0x0000000008003848                HAL_SPI_Init
 .text.HAL_SPI_DeInit
                0x0000000008003924       0x2c ./Drivers/STM32F7xx_HAL_Driver/Src/stm32f7xx_hal_spi.o
                0x0000000008003924                HAL_SPI_DeInit
 .text.HAL_SPI_TransmitReceive
                0x0000000008003950      0x266 ./Drivers/STM32F7xx_HAL_Driver/Src/stm32f7xx_hal_spi.o
                0x0000000008003950                HAL_SPI_TransmitReceive
 *fill*         0x0000000008003bb6        0x2 
 .text.HAL_SPI_TransmitReceive_IT
                0x0000000008003bb8       0xc0 ./Drivers/STM32F7xx_HAL_Driver/Src/stm32f7xx_hal_spi.o
                0x0000000008003bb8                HAL_SPI_TransmitReceive_IT
 .text.HAL_SPI_RxCpltCallback
                0x0000000008003c78        0x2 ./Drivers/STM32F7xx_HAL_Driver/Src/stm32f7xx_hal_spi.o
                0x0000000008003c78                HAL_SPI_RxCpltCallback
 .text.HAL_SPI_ErrorCallback
                0x0000000008003c7a        0x2 ./Drivers/STM32F7xx_HAL_Driver/Src/stm32f7xx_hal_spi.o
                0x0000000008003c7a                HAL_SPI_ErrorCallback
 .text.SPI_CloseRxTx_ISR
                0x0000000008003c7c       0x56 ./Drivers/STM32F7xx_HAL_Driver/Src/stm32f7xx_hal_spi.o
 .text.SPI_2linesTxISR_8BIT
                0x0000000008003cd2       0x4a ./Drivers/STM32F7xx_HAL_Driver/Src/stm32f7xx_hal_spi.o
 .text.SPI_2linesRxISR_8BIT
                0x0000000008003d1c       0x6a ./Drivers/STM32F7xx_HAL_Driver/Src/stm32f7xx_hal_spi.o
 .text.SPI_2linesTxISR_16BIT
                0x0000000008003d86       0x3a ./Drivers/STM32F7xx_HAL_Driver/Src/stm32f7xx_hal_spi.o
 .text.SPI_2linesRxISR_16BIT
                0x0000000008003dc0       0x3e ./Drivers/STM32F7xx_HAL_Driver/Src/stm32f7xx_hal_spi.o
 *fill*         0x0000000008003dfe        0x2 
 .text.HAL_SPI_IRQHandler
                0x0000000008003e00       0xf8 ./Drivers/STM32F7xx_HAL_Driver/Src/stm32f7xx_hal_spi.o
                0x0000000008003e00                HAL_SPI_IRQHandler
 .text.SPI_DMAAbortOnError
                0x0000000008003ef8       0x12 ./Drivers/STM32F7xx_HAL_Driver/Src/stm32f7xx_hal_spi.o
 *fill*         0x0000000008003f0a        0x2 
 .text.HAL_TIM_Base_Start
                0x0000000008003f0c       0x74 ./Drivers/STM32F7xx_HAL_Driver/Src/stm32f7xx_hal_tim.o
                0x0000000008003f0c                HAL_TIM_Base_Start
 .text.HAL_TIM_Base_Start_IT
                0x0000000008003f80       0x7c ./Drivers/STM32F7xx_HAL_Driver/Src/stm32f7xx_hal_tim.o
                0x0000000008003f80                HAL_TIM_Base_Start_IT
 .text.HAL_TIM_OC_DelayElapsedCallback
                0x0000000008003ffc        0x2 ./Drivers/STM32F7xx_HAL_Driver/Src/stm32f7xx_hal_tim.o
                0x0000000008003ffc                HAL_TIM_OC_DelayElapsedCallback
 .text.HAL_TIM_IC_CaptureCallback
                0x0000000008003ffe        0x2 ./Drivers/STM32F7xx_HAL_Driver/Src/stm32f7xx_hal_tim.o
                0x0000000008003ffe                HAL_TIM_IC_CaptureCallback
 .text.HAL_TIM_PWM_PulseFinishedCallback
                0x0000000008004000        0x2 ./Drivers/STM32F7xx_HAL_Driver/Src/stm32f7xx_hal_tim.o
                0x0000000008004000                HAL_TIM_PWM_PulseFinishedCallback
 .text.HAL_TIM_TriggerCallback
                0x0000000008004002        0x2 ./Drivers/STM32F7xx_HAL_Driver/Src/stm32f7xx_hal_tim.o
                0x0000000008004002                HAL_TIM_TriggerCallback
 .text.HAL_TIM_IRQHandler
                0x0000000008004004      0x140 ./Drivers/STM32F7xx_HAL_Driver/Src/stm32f7xx_hal_tim.o
                0x0000000008004004                HAL_TIM_IRQHandler
 .text.TIM_Base_SetConfig
                0x0000000008004144       0xd4 ./Drivers/STM32F7xx_HAL_Driver/Src/stm32f7xx_hal_tim.o
                0x0000000008004144                TIM_Base_SetConfig
 .text.HAL_TIM_Base_Init
                0x0000000008004218       0x60 ./Drivers/STM32F7xx_HAL_Driver/Src/stm32f7xx_hal_tim.o
                0x0000000008004218                HAL_TIM_Base_Init
 .text.TIM_ETR_SetConfig
                0x0000000008004278       0x14 ./Drivers/STM32F7xx_HAL_Driver/Src/stm32f7xx_hal_tim.o
                0x0000000008004278                TIM_ETR_SetConfig
 .text.HAL_TIM_ConfigClockSource
                0x000000000800428c      0x134 ./Drivers/STM32F7xx_HAL_Driver/Src/stm32f7xx_hal_tim.o
                0x000000000800428c                HAL_TIM_ConfigClockSource
 .text.HAL_TIMEx_MasterConfigSynchronization
                0x00000000080043c0       0x98 ./Drivers/STM32F7xx_HAL_Driver/Src/stm32f7xx_hal_tim_ex.o
                0x00000000080043c0                HAL_TIMEx_MasterConfigSynchronization
 .text.HAL_TIMEx_CommutCallback
                0x0000000008004458        0x2 ./Drivers/STM32F7xx_HAL_Driver/Src/stm32f7xx_hal_tim_ex.o
                0x0000000008004458                HAL_TIMEx_CommutCallback
 .text.HAL_TIMEx_BreakCallback
                0x000000000800445a        0x2 ./Drivers/STM32F7xx_HAL_Driver/Src/stm32f7xx_hal_tim_ex.o
                0x000000000800445a                HAL_TIMEx_BreakCallback
 .text.HAL_TIMEx_Break2Callback
                0x000000000800445c        0x2 ./Drivers/STM32F7xx_HAL_Driver/Src/stm32f7xx_hal_tim_ex.o
                0x000000000800445c                HAL_TIMEx_Break2Callback
 .text.UART_EndRxTransfer
                0x000000000800445e       0x50 ./Drivers/STM32F7xx_HAL_Driver/Src/stm32f7xx_hal_uart.o
 .text.UART_TxISR_8BIT.part.0
                0x00000000080044ae       0x26 ./Drivers/STM32F7xx_HAL_Driver/Src/stm32f7xx_hal_uart.o
 .text.UART_TxISR_8BIT
                0x00000000080044d4       0x2e ./Drivers/STM32F7xx_HAL_Driver/Src/stm32f7xx_hal_uart.o
 .text.UART_TxISR_16BIT
                0x0000000008004502       0x32 ./Drivers/STM32F7xx_HAL_Driver/Src/stm32f7xx_hal_uart.o
 .text.HAL_UART_Transmit_IT
                0x0000000008004534       0x60 ./Drivers/STM32F7xx_HAL_Driver/Src/stm32f7xx_hal_uart.o
                0x0000000008004534                HAL_UART_Transmit_IT
 .text.HAL_UART_ErrorCallback
                0x0000000008004594        0x2 ./Drivers/STM32F7xx_HAL_Driver/Src/stm32f7xx_hal_uart.o
                0x0000000008004594                HAL_UART_ErrorCallback
 .text.UART_DMAAbortOnError
                0x0000000008004596       0x10 ./Drivers/STM32F7xx_HAL_Driver/Src/stm32f7xx_hal_uart.o
 .text.HAL_UARTEx_RxEventCallback
                0x00000000080045a6        0x2 ./Drivers/STM32F7xx_HAL_Driver/Src/stm32f7xx_hal_uart.o
                0x00000000080045a6                HAL_UARTEx_RxEventCallback
 .text.HAL_UARTEx_WakeupCallback
                0x00000000080045a8        0x2 ./Drivers/STM32F7xx_HAL_Driver/Src/stm32f7xx_hal_uart.o
                0x00000000080045a8                HAL_UARTEx_WakeupCallback
 *fill*         0x00000000080045aa        0x2 
 .text.HAL_UART_IRQHandler
                0x00000000080045ac      0x2a8 ./Drivers/STM32F7xx_HAL_Driver/Src/stm32f7xx_hal_uart.o
                0x00000000080045ac                HAL_UART_IRQHandler
 .text.UART_SetConfig
                0x0000000008004854      0x284 ./Drivers/STM32F7xx_HAL_Driver/Src/stm32f7xx_hal_uart.o
                0x0000000008004854                UART_SetConfig
 .text.UART_AdvFeatureConfig
                0x0000000008004ad8       0xaa ./Drivers/STM32F7xx_HAL_Driver/Src/stm32f7xx_hal_uart.o
                0x0000000008004ad8                UART_AdvFeatureConfig
 .text.UART_WaitOnFlagUntilTimeout
                0x0000000008004b82       0x90 ./Drivers/STM32F7xx_HAL_Driver/Src/stm32f7xx_hal_uart.o
                0x0000000008004b82                UART_WaitOnFlagUntilTimeout
 .text.UART_CheckIdleState
                0x0000000008004c12       0xb4 ./Drivers/STM32F7xx_HAL_Driver/Src/stm32f7xx_hal_uart.o
                0x0000000008004c12                UART_CheckIdleState
 .text.HAL_UART_Init
                0x0000000008004cc6       0x5c ./Drivers/STM32F7xx_HAL_Driver/Src/stm32f7xx_hal_uart.o
                0x0000000008004cc6                HAL_UART_Init
 *fill*         0x0000000008004d22        0x2 
 .text.osKernelInitialize
                0x0000000008004d24       0x34 ./Middlewares/Third_Party/FreeRTOS/Source/CMSIS_RTOS_V2/cmsis_os2.o
                0x0000000008004d24                osKernelInitialize
 .text.osKernelStart
                0x0000000008004d58       0x40 ./Middlewares/Third_Party/FreeRTOS/Source/CMSIS_RTOS_V2/cmsis_os2.o
                0x0000000008004d58                osKernelStart
 .text.osThreadNew
                0x0000000008004d98       0xa8 ./Middlewares/Third_Party/FreeRTOS/Source/CMSIS_RTOS_V2/cmsis_os2.o
                0x0000000008004d98                osThreadNew
 .text.osSemaphoreNew
                0x0000000008004e40       0xac ./Middlewares/Third_Party/FreeRTOS/Source/CMSIS_RTOS_V2/cmsis_os2.o
                0x0000000008004e40                osSemaphoreNew
 .text.osSemaphoreAcquire
                0x0000000008004eec       0x74 ./Middlewares/Third_Party/FreeRTOS/Source/CMSIS_RTOS_V2/cmsis_os2.o
                0x0000000008004eec                osSemaphoreAcquire
 .text.osSemaphoreRelease
                0x0000000008004f60       0x6c ./Middlewares/Third_Party/FreeRTOS/Source/CMSIS_RTOS_V2/cmsis_os2.o
                0x0000000008004f60                osSemaphoreRelease
 .text.vApplicationGetIdleTaskMemory
                0x0000000008004fcc       0x18 ./Middlewares/Third_Party/FreeRTOS/Source/CMSIS_RTOS_V2/cmsis_os2.o
                0x0000000008004fcc                vApplicationGetIdleTaskMemory
 .text.vApplicationGetTimerTaskMemory
                0x0000000008004fe4       0x18 ./Middlewares/Third_Party/FreeRTOS/Source/CMSIS_RTOS_V2/cmsis_os2.o
                0x0000000008004fe4                vApplicationGetTimerTaskMemory
 .text.vListInitialise
                0x0000000008004ffc       0x16 ./Middlewares/Third_Party/FreeRTOS/Source/list.o
                0x0000000008004ffc                vListInitialise
 .text.vListInitialiseItem
                0x0000000008005012        0x6 ./Middlewares/Third_Party/FreeRTOS/Source/list.o
                0x0000000008005012                vListInitialiseItem
 .text.vListInsertEnd
                0x0000000008005018       0x18 ./Middlewares/Third_Party/FreeRTOS/Source/list.o
                0x0000000008005018                vListInsertEnd
 .text.vListInsert
                0x0000000008005030       0x2e ./Middlewares/Third_Party/FreeRTOS/Source/list.o
                0x0000000008005030                vListInsert
 .text.uxListRemove
                0x000000000800505e       0x20 ./Middlewares/Third_Party/FreeRTOS/Source/list.o
                0x000000000800505e                uxListRemove
 .text.prvIsQueueEmpty
                0x000000000800507e       0x16 ./Middlewares/Third_Party/FreeRTOS/Source/queue.o
 .text.prvCopyDataToQueue
                0x0000000008005094       0x6a ./Middlewares/Third_Party/FreeRTOS/Source/queue.o
 .text.prvCopyDataFromQueue
                0x00000000080050fe       0x2a ./Middlewares/Third_Party/FreeRTOS/Source/queue.o
 .text.prvUnlockQueue
                0x0000000008005128       0x70 ./Middlewares/Third_Party/FreeRTOS/Source/queue.o
 .text.xQueueGenericReset
                0x0000000008005198       0x82 ./Middlewares/Third_Party/FreeRTOS/Source/queue.o
                0x0000000008005198                xQueueGenericReset
 .text.xQueueGenericCreateStatic.part.0
                0x000000000800521a       0x98 ./Middlewares/Third_Party/FreeRTOS/Source/queue.o
 .text.xQueueGenericCreateStatic
                0x00000000080052b2       0x28 ./Middlewares/Third_Party/FreeRTOS/Source/queue.o
                0x00000000080052b2                xQueueGenericCreateStatic
 .text.xQueueGenericCreate
                0x00000000080052da       0x52 ./Middlewares/Third_Party/FreeRTOS/Source/queue.o
                0x00000000080052da                xQueueGenericCreate
 .text.xQueueCreateCountingSemaphoreStatic
                0x000000000800532c       0x4c ./Middlewares/Third_Party/FreeRTOS/Source/queue.o
                0x000000000800532c                xQueueCreateCountingSemaphoreStatic
 .text.xQueueCreateCountingSemaphore
                0x0000000008005378       0x44 ./Middlewares/Third_Party/FreeRTOS/Source/queue.o
                0x0000000008005378                xQueueCreateCountingSemaphore
 .text.xQueueGenericSend
                0x00000000080053bc      0x176 ./Middlewares/Third_Party/FreeRTOS/Source/queue.o
                0x00000000080053bc                xQueueGenericSend
 .text.xQueueGenericSendFromISR
                0x0000000008005532       0xd2 ./Middlewares/Third_Party/FreeRTOS/Source/queue.o
                0x0000000008005532                xQueueGenericSendFromISR
 .text.xQueueGiveFromISR
                0x0000000008005604       0xb8 ./Middlewares/Third_Party/FreeRTOS/Source/queue.o
                0x0000000008005604                xQueueGiveFromISR
 .text.xQueueReceive
                0x00000000080056bc      0x14a ./Middlewares/Third_Party/FreeRTOS/Source/queue.o
                0x00000000080056bc                xQueueReceive
 .text.xQueueSemaphoreTake
                0x0000000008005806      0x196 ./Middlewares/Third_Party/FreeRTOS/Source/queue.o
                0x0000000008005806                xQueueSemaphoreTake
 .text.xQueueReceiveFromISR
                0x000000000800599c       0xaa ./Middlewares/Third_Party/FreeRTOS/Source/queue.o
                0x000000000800599c                xQueueReceiveFromISR
 *fill*         0x0000000008005a46        0x2 
 .text.vQueueAddToRegistry
                0x0000000008005a48       0x24 ./Middlewares/Third_Party/FreeRTOS/Source/queue.o
                0x0000000008005a48                vQueueAddToRegistry
 .text.vQueueUnregisterQueue
                0x0000000008005a6c       0x28 ./Middlewares/Third_Party/FreeRTOS/Source/queue.o
                0x0000000008005a6c                vQueueUnregisterQueue
 .text.vQueueDelete
                0x0000000008005a94       0x32 ./Middlewares/Third_Party/FreeRTOS/Source/queue.o
                0x0000000008005a94                vQueueDelete
 .text.vQueueWaitForMessageRestricted
                0x0000000008005ac6       0x46 ./Middlewares/Third_Party/FreeRTOS/Source/queue.o
                0x0000000008005ac6                vQueueWaitForMessageRestricted
 .text.prvAddNewTaskToReadyList
                0x0000000008005b0c       0xfc ./Middlewares/Third_Party/FreeRTOS/Source/tasks.o
 .text.prvAddCurrentTaskToDelayedList
                0x0000000008005c08       0x70 ./Middlewares/Third_Party/FreeRTOS/Source/tasks.o
 .text.prvResetNextTaskUnblockTime
                0x0000000008005c78       0x24 ./Middlewares/Third_Party/FreeRTOS/Source/tasks.o
 .text.prvDeleteTCB
                0x0000000008005c9c       0x40 ./Middlewares/Third_Party/FreeRTOS/Source/tasks.o
 .text.prvIdleTask
                0x0000000008005cdc       0x64 ./Middlewares/Third_Party/FreeRTOS/Source/tasks.o
 .text.prvInitialiseNewTask.constprop.0
                0x0000000008005d40       0xc4 ./Middlewares/Third_Party/FreeRTOS/Source/tasks.o
 .text.xTaskCreateStatic
                0x0000000008005e04       0x7c ./Middlewares/Third_Party/FreeRTOS/Source/tasks.o
                0x0000000008005e04                xTaskCreateStatic
 .text.xTaskCreate
                0x0000000008005e80       0x5a ./Middlewares/Third_Party/FreeRTOS/Source/tasks.o
                0x0000000008005e80                xTaskCreate
 *fill*         0x0000000008005eda        0x2 
 .text.vTaskStartScheduler
                0x0000000008005edc       0xac ./Middlewares/Third_Party/FreeRTOS/Source/tasks.o
                0x0000000008005edc                vTaskStartScheduler
 .text.vTaskSuspendAll
                0x0000000008005f88       0x10 ./Middlewares/Third_Party/FreeRTOS/Source/tasks.o
                0x0000000008005f88                vTaskSuspendAll
 .text.xTaskGetTickCount
                0x0000000008005f98        0xc ./Middlewares/Third_Party/FreeRTOS/Source/tasks.o
                0x0000000008005f98                xTaskGetTickCount
 .text.xTaskIncrementTick
                0x0000000008005fa4      0x13c ./Middlewares/Third_Party/FreeRTOS/Source/tasks.o
                0x0000000008005fa4                xTaskIncrementTick
 .text.xTaskResumeAll
                0x00000000080060e0       0xec ./Middlewares/Third_Party/FreeRTOS/Source/tasks.o
                0x00000000080060e0                xTaskResumeAll
 .text.vTaskDelayUntil
                0x00000000080061cc       0xa0 ./Middlewares/Third_Party/FreeRTOS/Source/tasks.o
                0x00000000080061cc                vTaskDelayUntil
 .text.vTaskSwitchContext
                0x000000000800626c       0xd0 ./Middlewares/Third_Party/FreeRTOS/Source/tasks.o
                0x000000000800626c                vTaskSwitchContext
 .text.vTaskPlaceOnEventList
                0x000000000800633c       0x38 ./Middlewares/Third_Party/FreeRTOS/Source/tasks.o
                0x000000000800633c                vTaskPlaceOnEventList
 .text.vTaskPlaceOnEventListRestricted
                0x0000000008006374       0x40 ./Middlewares/Third_Party/FreeRTOS/Source/tasks.o
                0x0000000008006374                vTaskPlaceOnEventListRestricted
 .text.xTaskRemoveFromEventList
                0x00000000080063b4       0x8c ./Middlewares/Third_Party/FreeRTOS/Source/tasks.o
                0x00000000080063b4                xTaskRemoveFromEventList
 .text.vTaskInternalSetTimeOutState
                0x0000000008006440       0x18 ./Middlewares/Third_Party/FreeRTOS/Source/tasks.o
                0x0000000008006440                vTaskInternalSetTimeOutState
 .text.xTaskCheckForTimeOut
                0x0000000008006458       0x80 ./Middlewares/Third_Party/FreeRTOS/Source/tasks.o
                0x0000000008006458                xTaskCheckForTimeOut
 .text.vTaskMissedYield
                0x00000000080064d8        0xc ./Middlewares/Third_Party/FreeRTOS/Source/tasks.o
                0x00000000080064d8                vTaskMissedYield
 .text.xTaskGetSchedulerState
                0x00000000080064e4       0x20 ./Middlewares/Third_Party/FreeRTOS/Source/tasks.o
                0x00000000080064e4                xTaskGetSchedulerState
 .text.xTaskPriorityInherit
                0x0000000008006504       0x80 ./Middlewares/Third_Party/FreeRTOS/Source/tasks.o
                0x0000000008006504                xTaskPriorityInherit
 .text.xTaskPriorityDisinherit
                0x0000000008006584       0x90 ./Middlewares/Third_Party/FreeRTOS/Source/tasks.o
                0x0000000008006584                xTaskPriorityDisinherit
 .text.vTaskPriorityDisinheritAfterTimeout
                0x0000000008006614       0xac ./Middlewares/Third_Party/FreeRTOS/Source/tasks.o
                0x0000000008006614                vTaskPriorityDisinheritAfterTimeout
 .text.pvTaskIncrementMutexHeldCount
                0x00000000080066c0       0x18 ./Middlewares/Third_Party/FreeRTOS/Source/tasks.o
                0x00000000080066c0                pvTaskIncrementMutexHeldCount
 .text.prvCheckForValidListAndQueue
                0x00000000080066d8       0x68 ./Middlewares/Third_Party/FreeRTOS/Source/timers.o
 .text.prvInsertTimerInActiveList
                0x0000000008006740       0x3c ./Middlewares/Third_Party/FreeRTOS/Source/timers.o
 .text.xTimerCreateTimerTask
                0x000000000800677c       0x68 ./Middlewares/Third_Party/FreeRTOS/Source/timers.o
                0x000000000800677c                xTimerCreateTimerTask
 .text.xTimerGenericCommand
                0x00000000080067e4       0x58 ./Middlewares/Third_Party/FreeRTOS/Source/timers.o
                0x00000000080067e4                xTimerGenericCommand
 .text.prvSampleTimeNow
                0x000000000800683c       0xb0 ./Middlewares/Third_Party/FreeRTOS/Source/timers.o
 .text.prvTimerTask
                0x00000000080068ec      0x1d8 ./Middlewares/Third_Party/FreeRTOS/Source/timers.o
 .text.prvPortStartFirstTask
                0x0000000008006ac4       0x28 ./Middlewares/Third_Party/FreeRTOS/Source/portable/GCC/ARM_CM7/r0p1/port.o
 .text.vPortEnableVFP
                0x0000000008006aec       0x14 ./Middlewares/Third_Party/FreeRTOS/Source/portable/GCC/ARM_CM7/r0p1/port.o
 .text.prvTaskExitError
                0x0000000008006b00       0x48 ./Middlewares/Third_Party/FreeRTOS/Source/portable/GCC/ARM_CM7/r0p1/port.o
 .text.pxPortInitialiseStack
                0x0000000008006b48       0x24 ./Middlewares/Third_Party/FreeRTOS/Source/portable/GCC/ARM_CM7/r0p1/port.o
                0x0000000008006b48                pxPortInitialiseStack
 *fill*         0x0000000008006b6c        0x4 
 .text.SVC_Handler
                0x0000000008006b70       0x24 ./Middlewares/Third_Party/FreeRTOS/Source/portable/GCC/ARM_CM7/r0p1/port.o
                0x0000000008006b70                SVC_Handler
 .text.vPortEnterCritical
                0x0000000008006b94       0x48 ./Middlewares/Third_Party/FreeRTOS/Source/portable/GCC/ARM_CM7/r0p1/port.o
                0x0000000008006b94                vPortEnterCritical
 .text.vPortExitCritical
                0x0000000008006bdc       0x2c ./Middlewares/Third_Party/FreeRTOS/Source/portable/GCC/ARM_CM7/r0p1/port.o
                0x0000000008006bdc                vPortExitCritical
 *fill*         0x0000000008006c08        0x8 
 .text.PendSV_Handler
                0x0000000008006c10       0x64 ./Middlewares/Third_Party/FreeRTOS/Source/portable/GCC/ARM_CM7/r0p1/port.o
                0x0000000008006c10                PendSV_Handler
 .text.SysTick_Handler
                0x0000000008006c74       0x30 ./Middlewares/Third_Party/FreeRTOS/Source/portable/GCC/ARM_CM7/r0p1/port.o
                0x0000000008006c74                SysTick_Handler
 .text.vPortSetupTimerInterrupt
                0x0000000008006ca4       0x24 ./Middlewares/Third_Party/FreeRTOS/Source/portable/GCC/ARM_CM7/r0p1/port.o
                0x0000000008006ca4                vPortSetupTimerInterrupt
 .text.xPortStartScheduler
                0x0000000008006cc8       0xcc ./Middlewares/Third_Party/FreeRTOS/Source/portable/GCC/ARM_CM7/r0p1/port.o
                0x0000000008006cc8                xPortStartScheduler
 .text.vPortValidateInterruptPriority
                0x0000000008006d94       0x64 ./Middlewares/Third_Party/FreeRTOS/Source/portable/GCC/ARM_CM7/r0p1/port.o
                0x0000000008006d94                vPortValidateInterruptPriority
 .text.prvInsertBlockIntoFreeList
                0x0000000008006df8       0x4c ./Middlewares/Third_Party/FreeRTOS/Source/portable/MemMang/heap_4.o
 .text.pvPortMalloc
                0x0000000008006e44      0x128 ./Middlewares/Third_Party/FreeRTOS/Source/portable/MemMang/heap_4.o
                0x0000000008006e44                pvPortMalloc
 .text.vPortFree
                0x0000000008006f6c       0x78 ./Middlewares/Third_Party/FreeRTOS/Source/portable/MemMang/heap_4.o
                0x0000000008006f6c                vPortFree
 .text.opRx     0x0000000008006fe4        0xc ./Middlewares/Third_Party/SH2/sh2.o
 .text.getReportLen
                0x0000000008006ff0       0x24 ./Middlewares/Third_Party/SH2/sh2.o
 .text.shtpEventCallback
                0x0000000008007014       0x20 ./Middlewares/Third_Party/SH2/sh2.o
 .text.sendCtrl
                0x0000000008007034        0xc ./Middlewares/Third_Party/SH2/sh2.o
 .text.getProdIdStart
                0x0000000008007040       0x1c ./Middlewares/Third_Party/SH2/sh2.o
 .text.setSensorConfigStart
                0x000000000800705c       0x76 ./Middlewares/Third_Party/SH2/sh2.o
 .text.sensorhubInputGyroRvHdlr
                0x00000000080070d2       0x50 ./Middlewares/Third_Party/SH2/sh2.o
 *fill*         0x0000000008007122        0x2 
 .text.sensorhubInputHdlr
                0x0000000008007124       0xe8 ./Middlewares/Third_Party/SH2/sh2.o
 .text.sensorhubInputNormalHdlr
                0x000000000800720c        0x4 ./Middlewares/Third_Party/SH2/sh2.o
 .text.sensorhubControlHdlr
                0x0000000008007210       0xb0 ./Middlewares/Third_Party/SH2/sh2.o
 .text.executableDeviceHdlr
                0x00000000080072c0       0x48 ./Middlewares/Third_Party/SH2/sh2.o
 .text.getProdIdRx
                0x0000000008007308       0x84 ./Middlewares/Third_Party/SH2/sh2.o
 .text.opProcess.constprop.0
                0x000000000800738c       0x60 ./Middlewares/Third_Party/SH2/sh2.o
 .text.sensorhubInputWakeHdlr
                0x00000000080073ec        0x4 ./Middlewares/Third_Party/SH2/sh2.o
 .text.sh2_open
                0x00000000080073f0       0xc0 ./Middlewares/Third_Party/SH2/sh2.o
                0x00000000080073f0                sh2_open
 .text.sh2_service
                0x00000000080074b0       0x10 ./Middlewares/Third_Party/SH2/sh2.o
                0x00000000080074b0                sh2_service
 .text.sh2_setSensorCallback
                0x00000000080074c0       0x10 ./Middlewares/Third_Party/SH2/sh2.o
                0x00000000080074c0                sh2_setSensorCallback
 .text.sh2_getProdIds
                0x00000000080074d0       0x24 ./Middlewares/Third_Party/SH2/sh2.o
                0x00000000080074d0                sh2_getProdIds
 .text.sh2_setSensorConfig
                0x00000000080074f4       0x34 ./Middlewares/Third_Party/SH2/sh2.o
                0x00000000080074f4                sh2_setSensorConfig
 .text.decodeAccelerometer
                0x0000000008007528       0x64 ./Middlewares/Third_Party/SH2/sh2_SensorValue.o
 .text.decodeRotationVector
                0x000000000800758c       0x90 ./Middlewares/Third_Party/SH2/sh2_SensorValue.o
 .text.decodeGameRotationVector
                0x000000000800761c       0x7c ./Middlewares/Third_Party/SH2/sh2_SensorValue.o
 .text.decodeRawAccelerometer
                0x0000000008007698       0x32 ./Middlewares/Third_Party/SH2/sh2_SensorValue.o
 *fill*         0x00000000080076ca        0x2 
 .text.sh2_decodeSensorEvent
                0x00000000080076cc      0x610 ./Middlewares/Third_Party/SH2/sh2_SensorValue.o
                0x00000000080076cc                sh2_decodeSensorEvent
 .text.readu16  0x0000000008007cdc        0x4 ./Middlewares/Third_Party/SH2/sh2_util.o
                0x0000000008007cdc                readu16
 .text.readu32  0x0000000008007ce0        0x4 ./Middlewares/Third_Party/SH2/sh2_util.o
                0x0000000008007ce0                readu32
 .text.read8    0x0000000008007ce4        0x6 ./Middlewares/Third_Party/SH2/sh2_util.o
                0x0000000008007ce4                read8
 .text.read16   0x0000000008007cea        0x6 ./Middlewares/Third_Party/SH2/sh2_util.o
                0x0000000008007cea                read16
 .text.read32   0x0000000008007cf0        0x4 ./Middlewares/Third_Party/SH2/sh2_util.o
                0x0000000008007cf0                read32
 .text.shtp_open
                0x0000000008007cf4       0x4c ./Middlewares/Third_Party/SH2/shtp.o
                0x0000000008007cf4                shtp_open
 .text.shtp_setEventCallback
                0x0000000008007d40        0x6 ./Middlewares/Third_Party/SH2/shtp.o
                0x0000000008007d40                shtp_setEventCallback
 .text.shtp_listenChan
                0x0000000008007d46       0x20 ./Middlewares/Third_Party/SH2/shtp.o
                0x0000000008007d46                shtp_listenChan
 .text.shtp_service
                0x0000000008007d66      0x16e ./Middlewares/Third_Party/SH2/shtp.o
                0x0000000008007d66                shtp_service
 .text.shtp_send
                0x0000000008007ed4       0xba ./Middlewares/Third_Party/SH2/shtp.o
                0x0000000008007ed4                shtp_send
 *fill*         0x0000000008007f8e        0x2 
 .text.std      0x0000000008007f90       0x6c C:/Program Files/ST/STM32CubeIDE_1.13.2/STM32CubeIDE/plugins/com.st.stm32cube.ide.mcu.externaltools.gnu-tools-for-stm32.11.3.rel1.win32_1.1.1.202309131626/tools/bin/../lib/gcc/arm-none-eabi/11.3.1/../../../../arm-none-eabi/lib/thumb/v7e-m+dp/hard\libc_nano.a(libc_a-findfp.o)
 .text.stdio_exit_handler
                0x0000000008007ffc       0x18 C:/Program Files/ST/STM32CubeIDE_1.13.2/STM32CubeIDE/plugins/com.st.stm32cube.ide.mcu.externaltools.gnu-tools-for-stm32.11.3.rel1.win32_1.1.1.202309131626/tools/bin/../lib/gcc/arm-none-eabi/11.3.1/../../../../arm-none-eabi/lib/thumb/v7e-m+dp/hard\libc_nano.a(libc_a-findfp.o)
 .text.cleanup_stdio
                0x0000000008008014       0x40 C:/Program Files/ST/STM32CubeIDE_1.13.2/STM32CubeIDE/plugins/com.st.stm32cube.ide.mcu.externaltools.gnu-tools-for-stm32.11.3.rel1.win32_1.1.1.202309131626/tools/bin/../lib/gcc/arm-none-eabi/11.3.1/../../../../arm-none-eabi/lib/thumb/v7e-m+dp/hard\libc_nano.a(libc_a-findfp.o)
 .text.global_stdio_init.part.0
                0x0000000008008054       0x3c C:/Program Files/ST/STM32CubeIDE_1.13.2/STM32CubeIDE/plugins/com.st.stm32cube.ide.mcu.externaltools.gnu-tools-for-stm32.11.3.rel1.win32_1.1.1.202309131626/tools/bin/../lib/gcc/arm-none-eabi/11.3.1/../../../../arm-none-eabi/lib/thumb/v7e-m+dp/hard\libc_nano.a(libc_a-findfp.o)
 .text.__sfp_lock_acquire
                0x0000000008008090        0xc C:/Program Files/ST/STM32CubeIDE_1.13.2/STM32CubeIDE/plugins/com.st.stm32cube.ide.mcu.externaltools.gnu-tools-for-stm32.11.3.rel1.win32_1.1.1.202309131626/tools/bin/../lib/gcc/arm-none-eabi/11.3.1/../../../../arm-none-eabi/lib/thumb/v7e-m+dp/hard\libc_nano.a(libc_a-findfp.o)
                0x0000000008008090                __sfp_lock_acquire
 .text.__sfp_lock_release
                0x000000000800809c        0xc C:/Program Files/ST/STM32CubeIDE_1.13.2/STM32CubeIDE/plugins/com.st.stm32cube.ide.mcu.externaltools.gnu-tools-for-stm32.11.3.rel1.win32_1.1.1.202309131626/tools/bin/../lib/gcc/arm-none-eabi/11.3.1/../../../../arm-none-eabi/lib/thumb/v7e-m+dp/hard\libc_nano.a(libc_a-findfp.o)
                0x000000000800809c                __sfp_lock_release
 .text.__sinit  0x00000000080080a8       0x30 C:/Program Files/ST/STM32CubeIDE_1.13.2/STM32CubeIDE/plugins/com.st.stm32cube.ide.mcu.externaltools.gnu-tools-for-stm32.11.3.rel1.win32_1.1.1.202309131626/tools/bin/../lib/gcc/arm-none-eabi/11.3.1/../../../../arm-none-eabi/lib/thumb/v7e-m+dp/hard\libc_nano.a(libc_a-findfp.o)
                0x00000000080080a8                __sinit
 .text._fwalk_sglue
                0x00000000080080d8       0x3c C:/Program Files/ST/STM32CubeIDE_1.13.2/STM32CubeIDE/plugins/com.st.stm32cube.ide.mcu.externaltools.gnu-tools-for-stm32.11.3.rel1.win32_1.1.1.202309131626/tools/bin/../lib/gcc/arm-none-eabi/11.3.1/../../../../arm-none-eabi/lib/thumb/v7e-m+dp/hard\libc_nano.a(libc_a-fwalk.o)
                0x00000000080080d8                _fwalk_sglue
 .text.printf   0x0000000008008114       0x24 C:/Program Files/ST/STM32CubeIDE_1.13.2/STM32CubeIDE/plugins/com.st.stm32cube.ide.mcu.externaltools.gnu-tools-for-stm32.11.3.rel1.win32_1.1.1.202309131626/tools/bin/../lib/gcc/arm-none-eabi/11.3.1/../../../../arm-none-eabi/lib/thumb/v7e-m+dp/hard\libc_nano.a(libc_a-printf.o)
                0x0000000008008114                iprintf
                0x0000000008008114                printf
 .text._puts_r  0x0000000008008138       0xa8 C:/Program Files/ST/STM32CubeIDE_1.13.2/STM32CubeIDE/plugins/com.st.stm32cube.ide.mcu.externaltools.gnu-tools-for-stm32.11.3.rel1.win32_1.1.1.202309131626/tools/bin/../lib/gcc/arm-none-eabi/11.3.1/../../../../arm-none-eabi/lib/thumb/v7e-m+dp/hard\libc_nano.a(libc_a-puts.o)
                0x0000000008008138                _puts_r
 .text.puts     0x00000000080081e0       0x10 C:/Program Files/ST/STM32CubeIDE_1.13.2/STM32CubeIDE/plugins/com.st.stm32cube.ide.mcu.externaltools.gnu-tools-for-stm32.11.3.rel1.win32_1.1.1.202309131626/tools/bin/../lib/gcc/arm-none-eabi/11.3.1/../../../../arm-none-eabi/lib/thumb/v7e-m+dp/hard\libc_nano.a(libc_a-puts.o)
                0x00000000080081e0                puts
 .text.__sread  0x00000000080081f0       0x22 C:/Program Files/ST/STM32CubeIDE_1.13.2/STM32CubeIDE/plugins/com.st.stm32cube.ide.mcu.externaltools.gnu-tools-for-stm32.11.3.rel1.win32_1.1.1.202309131626/tools/bin/../lib/gcc/arm-none-eabi/11.3.1/../../../../arm-none-eabi/lib/thumb/v7e-m+dp/hard\libc_nano.a(libc_a-stdio.o)
                0x00000000080081f0                __sread
 .text.__swrite
                0x0000000008008212       0x38 C:/Program Files/ST/STM32CubeIDE_1.13.2/STM32CubeIDE/plugins/com.st.stm32cube.ide.mcu.externaltools.gnu-tools-for-stm32.11.3.rel1.win32_1.1.1.202309131626/tools/bin/../lib/gcc/arm-none-eabi/11.3.1/../../../../arm-none-eabi/lib/thumb/v7e-m+dp/hard\libc_nano.a(libc_a-stdio.o)
                0x0000000008008212                __swrite
 .text.__sseek  0x000000000800824a       0x24 C:/Program Files/ST/STM32CubeIDE_1.13.2/STM32CubeIDE/plugins/com.st.stm32cube.ide.mcu.externaltools.gnu-tools-for-stm32.11.3.rel1.win32_1.1.1.202309131626/tools/bin/../lib/gcc/arm-none-eabi/11.3.1/../../../../arm-none-eabi/lib/thumb/v7e-m+dp/hard\libc_nano.a(libc_a-stdio.o)
                0x000000000800824a                __sseek
 .text.__sclose
                0x000000000800826e        0x8 C:/Program Files/ST/STM32CubeIDE_1.13.2/STM32CubeIDE/plugins/com.st.stm32cube.ide.mcu.externaltools.gnu-tools-for-stm32.11.3.rel1.win32_1.1.1.202309131626/tools/bin/../lib/gcc/arm-none-eabi/11.3.1/../../../../arm-none-eabi/lib/thumb/v7e-m+dp/hard\libc_nano.a(libc_a-stdio.o)
                0x000000000800826e                __sclose
 .text.__swbuf_r
                0x0000000008008276       0x7a C:/Program Files/ST/STM32CubeIDE_1.13.2/STM32CubeIDE/plugins/com.st.stm32cube.ide.mcu.externaltools.gnu-tools-for-stm32.11.3.rel1.win32_1.1.1.202309131626/tools/bin/../lib/gcc/arm-none-eabi/11.3.1/../../../../arm-none-eabi/lib/thumb/v7e-m+dp/hard\libc_nano.a(libc_a-wbuf.o)
                0x0000000008008276                __swbuf_r
 .text.__swsetup_r
                0x00000000080082f0       0xb0 C:/Program Files/ST/STM32CubeIDE_1.13.2/STM32CubeIDE/plugins/com.st.stm32cube.ide.mcu.externaltools.gnu-tools-for-stm32.11.3.rel1.win32_1.1.1.202309131626/tools/bin/../lib/gcc/arm-none-eabi/11.3.1/../../../../arm-none-eabi/lib/thumb/v7e-m+dp/hard\libc_nano.a(libc_a-wsetup.o)
                0x00000000080082f0                __swsetup_r
 .text.memset   0x00000000080083a0       0x10 C:/Program Files/ST/STM32CubeIDE_1.13.2/STM32CubeIDE/plugins/com.st.stm32cube.ide.mcu.externaltools.gnu-tools-for-stm32.11.3.rel1.win32_1.1.1.202309131626/tools/bin/../lib/gcc/arm-none-eabi/11.3.1/../../../../arm-none-eabi/lib/thumb/v7e-m+dp/hard\libc_nano.a(libc_a-memset.o)
                0x00000000080083a0                memset
 .text._close_r
                0x00000000080083b0       0x20 C:/Program Files/ST/STM32CubeIDE_1.13.2/STM32CubeIDE/plugins/com.st.stm32cube.ide.mcu.externaltools.gnu-tools-for-stm32.11.3.rel1.win32_1.1.1.202309131626/tools/bin/../lib/gcc/arm-none-eabi/11.3.1/../../../../arm-none-eabi/lib/thumb/v7e-m+dp/hard\libc_nano.a(libc_a-closer.o)
                0x00000000080083b0                _close_r
 .text._reclaim_reent
                0x00000000080083d0       0xac C:/Program Files/ST/STM32CubeIDE_1.13.2/STM32CubeIDE/plugins/com.st.stm32cube.ide.mcu.externaltools.gnu-tools-for-stm32.11.3.rel1.win32_1.1.1.202309131626/tools/bin/../lib/gcc/arm-none-eabi/11.3.1/../../../../arm-none-eabi/lib/thumb/v7e-m+dp/hard\libc_nano.a(libc_a-reent.o)
                0x00000000080083d0                _reclaim_reent
 .text._lseek_r
                0x000000000800847c       0x24 C:/Program Files/ST/STM32CubeIDE_1.13.2/STM32CubeIDE/plugins/com.st.stm32cube.ide.mcu.externaltools.gnu-tools-for-stm32.11.3.rel1.win32_1.1.1.202309131626/tools/bin/../lib/gcc/arm-none-eabi/11.3.1/../../../../arm-none-eabi/lib/thumb/v7e-m+dp/hard\libc_nano.a(libc_a-lseekr.o)
                0x000000000800847c                _lseek_r
 .text._read_r  0x00000000080084a0       0x24 C:/Program Files/ST/STM32CubeIDE_1.13.2/STM32CubeIDE/plugins/com.st.stm32cube.ide.mcu.externaltools.gnu-tools-for-stm32.11.3.rel1.win32_1.1.1.202309131626/tools/bin/../lib/gcc/arm-none-eabi/11.3.1/../../../../arm-none-eabi/lib/thumb/v7e-m+dp/hard\libc_nano.a(libc_a-readr.o)
                0x00000000080084a0                _read_r
 .text._write_r
                0x00000000080084c4       0x24 C:/Program Files/ST/STM32CubeIDE_1.13.2/STM32CubeIDE/plugins/com.st.stm32cube.ide.mcu.externaltools.gnu-tools-for-stm32.11.3.rel1.win32_1.1.1.202309131626/tools/bin/../lib/gcc/arm-none-eabi/11.3.1/../../../../arm-none-eabi/lib/thumb/v7e-m+dp/hard\libc_nano.a(libc_a-writer.o)
                0x00000000080084c4                _write_r
 .text.__errno  0x00000000080084e8        0xc C:/Program Files/ST/STM32CubeIDE_1.13.2/STM32CubeIDE/plugins/com.st.stm32cube.ide.mcu.externaltools.gnu-tools-for-stm32.11.3.rel1.win32_1.1.1.202309131626/tools/bin/../lib/gcc/arm-none-eabi/11.3.1/../../../../arm-none-eabi/lib/thumb/v7e-m+dp/hard\libc_nano.a(libc_a-errno.o)
                0x00000000080084e8                __errno
 .text.__libc_init_array
                0x00000000080084f4       0x48 C:/Program Files/ST/STM32CubeIDE_1.13.2/STM32CubeIDE/plugins/com.st.stm32cube.ide.mcu.externaltools.gnu-tools-for-stm32.11.3.rel1.win32_1.1.1.202309131626/tools/bin/../lib/gcc/arm-none-eabi/11.3.1/../../../../arm-none-eabi/lib/thumb/v7e-m+dp/hard\libc_nano.a(libc_a-init.o)
                0x00000000080084f4                __libc_init_array
 .text.__retarget_lock_init_recursive
                0x000000000800853c        0x2 C:/Program Files/ST/STM32CubeIDE_1.13.2/STM32CubeIDE/plugins/com.st.stm32cube.ide.mcu.externaltools.gnu-tools-for-stm32.11.3.rel1.win32_1.1.1.202309131626/tools/bin/../lib/gcc/arm-none-eabi/11.3.1/../../../../arm-none-eabi/lib/thumb/v7e-m+dp/hard\libc_nano.a(libc_a-lock.o)
                0x000000000800853c                __retarget_lock_init_recursive
 .text.__retarget_lock_acquire_recursive
                0x000000000800853e        0x2 C:/Program Files/ST/STM32CubeIDE_1.13.2/STM32CubeIDE/plugins/com.st.stm32cube.ide.mcu.externaltools.gnu-tools-for-stm32.11.3.rel1.win32_1.1.1.202309131626/tools/bin/../lib/gcc/arm-none-eabi/11.3.1/../../../../arm-none-eabi/lib/thumb/v7e-m+dp/hard\libc_nano.a(libc_a-lock.o)
                0x000000000800853e                __retarget_lock_acquire_recursive
 .text.__retarget_lock_release_recursive
                0x0000000008008540        0x2 C:/Program Files/ST/STM32CubeIDE_1.13.2/STM32CubeIDE/plugins/com.st.stm32cube.ide.mcu.externaltools.gnu-tools-for-stm32.11.3.rel1.win32_1.1.1.202309131626/tools/bin/../lib/gcc/arm-none-eabi/11.3.1/../../../../arm-none-eabi/lib/thumb/v7e-m+dp/hard\libc_nano.a(libc_a-lock.o)
                0x0000000008008540                __retarget_lock_release_recursive
 .text.memcpy   0x0000000008008542       0x1c C:/Program Files/ST/STM32CubeIDE_1.13.2/STM32CubeIDE/plugins/com.st.stm32cube.ide.mcu.externaltools.gnu-tools-for-stm32.11.3.rel1.win32_1.1.1.202309131626/tools/bin/../lib/gcc/arm-none-eabi/11.3.1/../../../../arm-none-eabi/lib/thumb/v7e-m+dp/hard\libc_nano.a(libc_a-memcpy-stub.o)
                0x0000000008008542                memcpy
 *fill*         0x000000000800855e        0x2 
 .text._free_r  0x0000000008008560       0x98 C:/Program Files/ST/STM32CubeIDE_1.13.2/STM32CubeIDE/plugins/com.st.stm32cube.ide.mcu.externaltools.gnu-tools-for-stm32.11.3.rel1.win32_1.1.1.202309131626/tools/bin/../lib/gcc/arm-none-eabi/11.3.1/../../../../arm-none-eabi/lib/thumb/v7e-m+dp/hard\libc_nano.a(libc_a-freer.o)
                0x0000000008008560                _free_r
 .text.sbrk_aligned
                0x00000000080085f8       0x40 C:/Program Files/ST/STM32CubeIDE_1.13.2/STM32CubeIDE/plugins/com.st.stm32cube.ide.mcu.externaltools.gnu-tools-for-stm32.11.3.rel1.win32_1.1.1.202309131626/tools/bin/../lib/gcc/arm-none-eabi/11.3.1/../../../../arm-none-eabi/lib/thumb/v7e-m+dp/hard\libc_nano.a(libc_a-mallocr.o)
 .text._malloc_r
                0x0000000008008638      0x100 C:/Program Files/ST/STM32CubeIDE_1.13.2/STM32CubeIDE/plugins/com.st.stm32cube.ide.mcu.externaltools.gnu-tools-for-stm32.11.3.rel1.win32_1.1.1.202309131626/tools/bin/../lib/gcc/arm-none-eabi/11.3.1/../../../../arm-none-eabi/lib/thumb/v7e-m+dp/hard\libc_nano.a(libc_a-mallocr.o)
                0x0000000008008638                _malloc_r
 .text.__malloc_lock
                0x0000000008008738        0xc C:/Program Files/ST/STM32CubeIDE_1.13.2/STM32CubeIDE/plugins/com.st.stm32cube.ide.mcu.externaltools.gnu-tools-for-stm32.11.3.rel1.win32_1.1.1.202309131626/tools/bin/../lib/gcc/arm-none-eabi/11.3.1/../../../../arm-none-eabi/lib/thumb/v7e-m+dp/hard\libc_nano.a(libc_a-mlock.o)
                0x0000000008008738                __malloc_lock
 .text.__malloc_unlock
                0x0000000008008744        0xc C:/Program Files/ST/STM32CubeIDE_1.13.2/STM32CubeIDE/plugins/com.st.stm32cube.ide.mcu.externaltools.gnu-tools-for-stm32.11.3.rel1.win32_1.1.1.202309131626/tools/bin/../lib/gcc/arm-none-eabi/11.3.1/../../../../arm-none-eabi/lib/thumb/v7e-m+dp/hard\libc_nano.a(libc_a-mlock.o)
                0x0000000008008744                __malloc_unlock
 .text.__sfputc_r
                0x0000000008008750       0x2e C:/Program Files/ST/STM32CubeIDE_1.13.2/STM32CubeIDE/plugins/com.st.stm32cube.ide.mcu.externaltools.gnu-tools-for-stm32.11.3.rel1.win32_1.1.1.202309131626/tools/bin/../lib/gcc/arm-none-eabi/11.3.1/../../../../arm-none-eabi/lib/thumb/v7e-m+dp/hard\libc_nano.a(libc_a-nano-vfprintf.o)
 .text.__sfputs_r
                0x000000000800877e       0x24 C:/Program Files/ST/STM32CubeIDE_1.13.2/STM32CubeIDE/plugins/com.st.stm32cube.ide.mcu.externaltools.gnu-tools-for-stm32.11.3.rel1.win32_1.1.1.202309131626/tools/bin/../lib/gcc/arm-none-eabi/11.3.1/../../../../arm-none-eabi/lib/thumb/v7e-m+dp/hard\libc_nano.a(libc_a-nano-vfprintf.o)
                0x000000000800877e                __sfputs_r
 *fill*         0x00000000080087a2        0x2 
 .text._vfprintf_r
                0x00000000080087a4      0x234 C:/Program Files/ST/STM32CubeIDE_1.13.2/STM32CubeIDE/plugins/com.st.stm32cube.ide.mcu.externaltools.gnu-tools-for-stm32.11.3.rel1.win32_1.1.1.202309131626/tools/bin/../lib/gcc/arm-none-eabi/11.3.1/../../../../arm-none-eabi/lib/thumb/v7e-m+dp/hard\libc_nano.a(libc_a-nano-vfprintf.o)
                0x00000000080087a4                _vfprintf_r
                0x00000000080087a4                _vfiprintf_r
 .text._printf_common
                0x00000000080089d8       0xda C:/Program Files/ST/STM32CubeIDE_1.13.2/STM32CubeIDE/plugins/com.st.stm32cube.ide.mcu.externaltools.gnu-tools-for-stm32.11.3.rel1.win32_1.1.1.202309131626/tools/bin/../lib/gcc/arm-none-eabi/11.3.1/../../../../arm-none-eabi/lib/thumb/v7e-m+dp/hard\libc_nano.a(libc_a-nano-vfprintf_i.o)
                0x00000000080089d8                _printf_common
 *fill*         0x0000000008008ab2        0x2 
 .text._printf_i
                0x0000000008008ab4      0x244 C:/Program Files/ST/STM32CubeIDE_1.13.2/STM32CubeIDE/plugins/com.st.stm32cube.ide.mcu.externaltools.gnu-tools-for-stm32.11.3.rel1.win32_1.1.1.202309131626/tools/bin/../lib/gcc/arm-none-eabi/11.3.1/../../../../arm-none-eabi/lib/thumb/v7e-m+dp/hard\libc_nano.a(libc_a-nano-vfprintf_i.o)
                0x0000000008008ab4                _printf_i
 .text.__sflush_r
                0x0000000008008cf8      0x10c C:/Program Files/ST/STM32CubeIDE_1.13.2/STM32CubeIDE/plugins/com.st.stm32cube.ide.mcu.externaltools.gnu-tools-for-stm32.11.3.rel1.win32_1.1.1.202309131626/tools/bin/../lib/gcc/arm-none-eabi/11.3.1/../../../../arm-none-eabi/lib/thumb/v7e-m+dp/hard\libc_nano.a(libc_a-fflush.o)
                0x0000000008008cf8                __sflush_r
 .text._fflush_r
                0x0000000008008e04       0x50 C:/Program Files/ST/STM32CubeIDE_1.13.2/STM32CubeIDE/plugins/com.st.stm32cube.ide.mcu.externaltools.gnu-tools-for-stm32.11.3.rel1.win32_1.1.1.202309131626/tools/bin/../lib/gcc/arm-none-eabi/11.3.1/../../../../arm-none-eabi/lib/thumb/v7e-m+dp/hard\libc_nano.a(libc_a-fflush.o)
                0x0000000008008e04                _fflush_r
 .text.__swhatbuf_r
                0x0000000008008e54       0x4c C:/Program Files/ST/STM32CubeIDE_1.13.2/STM32CubeIDE/plugins/com.st.stm32cube.ide.mcu.externaltools.gnu-tools-for-stm32.11.3.rel1.win32_1.1.1.202309131626/tools/bin/../lib/gcc/arm-none-eabi/11.3.1/../../../../arm-none-eabi/lib/thumb/v7e-m+dp/hard\libc_nano.a(libc_a-makebuf.o)
                0x0000000008008e54                __swhatbuf_r
 .text.__smakebuf_r
                0x0000000008008ea0       0x78 C:/Program Files/ST/STM32CubeIDE_1.13.2/STM32CubeIDE/plugins/com.st.stm32cube.ide.mcu.externaltools.gnu-tools-for-stm32.11.3.rel1.win32_1.1.1.202309131626/tools/bin/../lib/gcc/arm-none-eabi/11.3.1/../../../../arm-none-eabi/lib/thumb/v7e-m+dp/hard\libc_nano.a(libc_a-makebuf.o)
                0x0000000008008ea0                __smakebuf_r
 .text._fstat_r
                0x0000000008008f18       0x24 C:/Program Files/ST/STM32CubeIDE_1.13.2/STM32CubeIDE/plugins/com.st.stm32cube.ide.mcu.externaltools.gnu-tools-for-stm32.11.3.rel1.win32_1.1.1.202309131626/tools/bin/../lib/gcc/arm-none-eabi/11.3.1/../../../../arm-none-eabi/lib/thumb/v7e-m+dp/hard\libc_nano.a(libc_a-fstatr.o)
                0x0000000008008f18                _fstat_r
 .text._isatty_r
                0x0000000008008f3c       0x20 C:/Program Files/ST/STM32CubeIDE_1.13.2/STM32CubeIDE/plugins/com.st.stm32cube.ide.mcu.externaltools.gnu-tools-for-stm32.11.3.rel1.win32_1.1.1.202309131626/tools/bin/../lib/gcc/arm-none-eabi/11.3.1/../../../../arm-none-eabi/lib/thumb/v7e-m+dp/hard\libc_nano.a(libc_a-isattyr.o)
                0x0000000008008f3c                _isatty_r
 .text._sbrk_r  0x0000000008008f5c       0x20 C:/Program Files/ST/STM32CubeIDE_1.13.2/STM32CubeIDE/plugins/com.st.stm32cube.ide.mcu.externaltools.gnu-tools-for-stm32.11.3.rel1.win32_1.1.1.202309131626/tools/bin/../lib/gcc/arm-none-eabi/11.3.1/../../../../arm-none-eabi/lib/thumb/v7e-m+dp/hard\libc_nano.a(libc_a-sbrkr.o)
                0x0000000008008f5c                _sbrk_r
 *(.glue_7)
 .glue_7        0x0000000008008f7c        0x0 linker stubs
 *(.glue_7t)
 .glue_7t       0x0000000008008f7c        0x0 linker stubs
 *(.eh_frame)
 .eh_frame      0x0000000008008f7c        0x0 C:/Program Files/ST/STM32CubeIDE_1.13.2/STM32CubeIDE/plugins/com.st.stm32cube.ide.mcu.externaltools.gnu-tools-for-stm32.11.3.rel1.win32_1.1.1.202309131626/tools/bin/../lib/gcc/arm-none-eabi/11.3.1/thumb/v7e-m+dp/hard/crtbegin.o
 *(.init)
 .init          0x0000000008008f7c        0x4 C:/Program Files/ST/STM32CubeIDE_1.13.2/STM32CubeIDE/plugins/com.st.stm32cube.ide.mcu.externaltools.gnu-tools-for-stm32.11.3.rel1.win32_1.1.1.202309131626/tools/bin/../lib/gcc/arm-none-eabi/11.3.1/thumb/v7e-m+dp/hard/crti.o
                0x0000000008008f7c                _init
 .init          0x0000000008008f80        0x8 C:/Program Files/ST/STM32CubeIDE_1.13.2/STM32CubeIDE/plugins/com.st.stm32cube.ide.mcu.externaltools.gnu-tools-for-stm32.11.3.rel1.win32_1.1.1.202309131626/tools/bin/../lib/gcc/arm-none-eabi/11.3.1/thumb/v7e-m+dp/hard/crtn.o
 *(.fini)
 .fini          0x0000000008008f88        0x4 C:/Program Files/ST/STM32CubeIDE_1.13.2/STM32CubeIDE/plugins/com.st.stm32cube.ide.mcu.externaltools.gnu-tools-for-stm32.11.3.rel1.win32_1.1.1.202309131626/tools/bin/../lib/gcc/arm-none-eabi/11.3.1/thumb/v7e-m+dp/hard/crti.o
                0x0000000008008f88                _fini
 .fini          0x0000000008008f8c        0x8 C:/Program Files/ST/STM32CubeIDE_1.13.2/STM32CubeIDE/plugins/com.st.stm32cube.ide.mcu.externaltools.gnu-tools-for-stm32.11.3.rel1.win32_1.1.1.202309131626/tools/bin/../lib/gcc/arm-none-eabi/11.3.1/thumb/v7e-m+dp/hard/crtn.o
                0x0000000008008f94                . = ALIGN (0x4)
                0x0000000008008f94                _etext = .

.vfp11_veneer   0x0000000008008f94        0x0
 .vfp11_veneer  0x0000000008008f94        0x0 linker stubs

.v4_bx          0x0000000008008f94        0x0
 .v4_bx         0x0000000008008f94        0x0 linker stubs

.iplt           0x0000000008008f94        0x0
 .iplt          0x0000000008008f94        0x0 C:/Program Files/ST/STM32CubeIDE_1.13.2/STM32CubeIDE/plugins/com.st.stm32cube.ide.mcu.externaltools.gnu-tools-for-stm32.11.3.rel1.win32_1.1.1.202309131626/tools/bin/../lib/gcc/arm-none-eabi/11.3.1/thumb/v7e-m+dp/hard/crtbegin.o

.rodata         0x0000000008008f94      0x62c
                0x0000000008008f94                . = ALIGN (0x4)
 *(.rodata)
 *(.rodata*)
 .rodata.RoboSoccer_errorHandler.str1.1
                0x0000000008008f94       0xe7 ./Core/Src/error.o
 .rodata.StartAnalogTask.str1.1
                0x000000000800907b       0x1f ./Core/Src/freertos.o
 .rodata.StartGeneralTask0.str1.1
                0x000000000800909a       0x21 ./Core/Src/freertos.o
 .rodata.StartImuTask.str1.1
                0x00000000080090bb       0x1c ./Core/Src/freertos.o
 .rodata.vApplicationStackOverflowHook.str1.1
                0x00000000080090d7       0x17 ./Core/Src/freertos.o
 .rodata.str1.1
                0x00000000080090ee       0x27 ./Core/Src/freertos.o
 *fill*         0x0000000008009115        0x3 
 .rodata.AnalogTask_attributes
                0x0000000008009118       0x24 ./Core/Src/freertos.o
                0x0000000008009118                AnalogTask_attributes
 .rodata.GeneralTask0_attributes
                0x000000000800913c       0x24 ./Core/Src/freertos.o
                0x000000000800913c                GeneralTask0_attributes
 .rodata.ImuTask_attributes
                0x0000000008009160       0x24 ./Core/Src/freertos.o
                0x0000000008009160                ImuTask_attributes
 .rodata.adcSem_attributes
                0x0000000008009184       0x10 ./Core/Src/freertos.o
                0x0000000008009184                adcSem_attributes
 .rodata.sh2_eventHanlder.str1.1
                0x0000000008009194       0x77 ./Core/Src/imu_driver.o
 .rodata.imu_start_reports.str1.1
                0x000000000800920b       0x43 ./Core/Src/imu_driver.o
 .rodata.imu_hal_open.str1.1
                0x000000000800924e       0x2d ./Core/Src/imu_driver.o
 .rodata.imu_sys_init.str1.1
                0x000000000800927b       0x59 ./Core/Src/imu_driver.o
 .rodata.str1.1
                0x00000000080092d4       0x6d ./Core/Src/imu_driver.o
 *fill*         0x0000000008009341        0x3 
 .rodata.shtp_event_name.1
                0x0000000008009344       0x20 ./Core/Src/imu_driver.o
 .rodata.reset_cause_get_name.str1.1
                0x0000000008009364        0x4 ./Core/Src/main.o
 .rodata.main.str1.1
                0x0000000008009368       0x89 ./Core/Src/main.o
 .rodata.str1.1
                0x00000000080093f1       0xb4 ./Core/Src/main.o
 *fill*         0x00000000080094a5        0x3 
 .rodata.CSWTCH.15
                0x00000000080094a8       0x20 ./Core/Src/main.o
 .rodata.AHBPrescTable
                0x00000000080094c8       0x10 ./Core/Src/system_stm32f7xx.o
                0x00000000080094c8                AHBPrescTable
 .rodata.APBPrescTable
                0x00000000080094d8        0x8 ./Core/Src/system_stm32f7xx.o
                0x00000000080094d8                APBPrescTable
 .rodata.flagBitshiftOffset.0
                0x00000000080094e0        0x8 ./Drivers/STM32F7xx_HAL_Driver/Src/stm32f7xx_hal_dma.o
 .rodata.CSWTCH.54
                0x00000000080094e8        0x3 ./Drivers/STM32F7xx_HAL_Driver/Src/stm32f7xx_hal_uart.o
 .rodata.CSWTCH.55
                0x00000000080094eb        0xd ./Drivers/STM32F7xx_HAL_Driver/Src/stm32f7xx_hal_uart.o
 .rodata.vTaskStartScheduler.str1.1
                0x00000000080094f8        0x5 ./Middlewares/Third_Party/FreeRTOS/Source/tasks.o
 .rodata.prvCheckForValidListAndQueue.str1.1
                0x00000000080094fd        0x5 ./Middlewares/Third_Party/FreeRTOS/Source/timers.o
 .rodata.xTimerCreateTimerTask.str1.1
                0x0000000008009502        0x8 ./Middlewares/Third_Party/FreeRTOS/Source/timers.o
 *fill*         0x000000000800950a        0x2 
 .rodata.getProdIdOp
                0x000000000800950c       0x10 ./Middlewares/Third_Party/SH2/sh2.o
                0x000000000800950c                getProdIdOp
 .rodata.setSensorConfigOp
                0x000000000800951c       0x10 ./Middlewares/Third_Party/SH2/sh2.o
                0x000000000800951c                setSensorConfigOp
 .rodata.sh2ReportLens
                0x000000000800952c       0x60 ./Middlewares/Third_Party/SH2/sh2.o
 .rodata._vfprintf_r.str1.1
                0x000000000800958c       0x11 C:/Program Files/ST/STM32CubeIDE_1.13.2/STM32CubeIDE/plugins/com.st.stm32cube.ide.mcu.externaltools.gnu-tools-for-stm32.11.3.rel1.win32_1.1.1.202309131626/tools/bin/../lib/gcc/arm-none-eabi/11.3.1/../../../../arm-none-eabi/lib/thumb/v7e-m+dp/hard\libc_nano.a(libc_a-nano-vfprintf.o)
 .rodata._printf_i.str1.1
                0x000000000800959d       0x22 C:/Program Files/ST/STM32CubeIDE_1.13.2/STM32CubeIDE/plugins/com.st.stm32cube.ide.mcu.externaltools.gnu-tools-for-stm32.11.3.rel1.win32_1.1.1.202309131626/tools/bin/../lib/gcc/arm-none-eabi/11.3.1/../../../../arm-none-eabi/lib/thumb/v7e-m+dp/hard\libc_nano.a(libc_a-nano-vfprintf_i.o)
                0x00000000080095c0                . = ALIGN (0x4)
 *fill*         0x00000000080095bf        0x1 

.ARM.extab      0x00000000080095c0        0x0
                0x00000000080095c0                . = ALIGN (0x4)
 *(.ARM.extab* .gnu.linkonce.armextab.*)
                0x00000000080095c0                . = ALIGN (0x4)

.ARM            0x00000000080095c0        0x8
                0x00000000080095c0                . = ALIGN (0x4)
                0x00000000080095c0                __exidx_start = .
 *(.ARM.exidx*)
 .ARM.exidx     0x00000000080095c0        0x8 C:/Program Files/ST/STM32CubeIDE_1.13.2/STM32CubeIDE/plugins/com.st.stm32cube.ide.mcu.externaltools.gnu-tools-for-stm32.11.3.rel1.win32_1.1.1.202309131626/tools/bin/../lib/gcc/arm-none-eabi/11.3.1/thumb/v7e-m+dp/hard\libgcc.a(_udivmoddi4.o)
                0x00000000080095c8                __exidx_end = .
                0x00000000080095c8                . = ALIGN (0x4)

.rel.dyn        0x00000000080095c8        0x0
 .rel.iplt      0x00000000080095c8        0x0 C:/Program Files/ST/STM32CubeIDE_1.13.2/STM32CubeIDE/plugins/com.st.stm32cube.ide.mcu.externaltools.gnu-tools-for-stm32.11.3.rel1.win32_1.1.1.202309131626/tools/bin/../lib/gcc/arm-none-eabi/11.3.1/thumb/v7e-m+dp/hard/crtbegin.o

.preinit_array  0x00000000080095c8        0x0
                0x00000000080095c8                . = ALIGN (0x4)
                0x00000000080095c8                PROVIDE (__preinit_array_start = .)
 *(.preinit_array*)
                0x00000000080095c8                PROVIDE (__preinit_array_end = .)
                0x00000000080095c8                . = ALIGN (0x4)

.init_array     0x00000000080095c8        0x4
                0x00000000080095c8                . = ALIGN (0x4)
                0x00000000080095c8                PROVIDE (__init_array_start = .)
 *(SORT_BY_NAME(.init_array.*))
 *(.init_array*)
 .init_array    0x00000000080095c8        0x4 C:/Program Files/ST/STM32CubeIDE_1.13.2/STM32CubeIDE/plugins/com.st.stm32cube.ide.mcu.externaltools.gnu-tools-for-stm32.11.3.rel1.win32_1.1.1.202309131626/tools/bin/../lib/gcc/arm-none-eabi/11.3.1/thumb/v7e-m+dp/hard/crtbegin.o
                0x00000000080095cc                PROVIDE (__init_array_end = .)
                0x00000000080095cc                . = ALIGN (0x4)

.fini_array     0x00000000080095cc        0x4
                0x00000000080095cc                . = ALIGN (0x4)
                [!provide]                        PROVIDE (__fini_array_start = .)
 *(SORT_BY_NAME(.fini_array.*))
 *(.fini_array*)
 .fini_array    0x00000000080095cc        0x4 C:/Program Files/ST/STM32CubeIDE_1.13.2/STM32CubeIDE/plugins/com.st.stm32cube.ide.mcu.externaltools.gnu-tools-for-stm32.11.3.rel1.win32_1.1.1.202309131626/tools/bin/../lib/gcc/arm-none-eabi/11.3.1/thumb/v7e-m+dp/hard/crtbegin.o
                [!provide]                        PROVIDE (__fini_array_end = .)
                0x00000000080095d0                . = ALIGN (0x4)
                0x00000000080095d0                _sidata = LOADADDR (.data)

.data           0x0000000020000000      0x14c load address 0x00000000080095d0
                0x0000000020000000                . = ALIGN (0x4)
                0x0000000020000000                _sdata = .
 *(.data)
 *(.data*)
 .data.sensorConfig.0
                0x0000000020000000       0xd8 ./Core/Src/imu_driver.o
 .data.bus_error_addr
                0x00000000200000d8        0x4 ./Core/Src/stm32f7xx_it.o
                0x00000000200000d8                bus_error_addr
 .data.mem_access_error_addr
                0x00000000200000dc        0x4 ./Core/Src/stm32f7xx_it.o
                0x00000000200000dc                mem_access_error_addr
 .data.SystemCoreClock
                0x00000000200000e0        0x4 ./Core/Src/system_stm32f7xx.o
                0x00000000200000e0                SystemCoreClock
 .data.uwTickFreq
                0x00000000200000e4        0x1 ./Drivers/STM32F7xx_HAL_Driver/Src/stm32f7xx_hal.o
                0x00000000200000e4                uwTickFreq
 *fill*         0x00000000200000e5        0x3 
 .data.uwTickPrio
                0x00000000200000e8        0x4 ./Drivers/STM32F7xx_HAL_Driver/Src/stm32f7xx_hal.o
                0x00000000200000e8                uwTickPrio
 .data.uxCriticalNesting
                0x00000000200000ec        0x4 ./Middlewares/Third_Party/FreeRTOS/Source/portable/GCC/ARM_CM7/r0p1/port.o
 .data.__sglue  0x00000000200000f0        0xc C:/Program Files/ST/STM32CubeIDE_1.13.2/STM32CubeIDE/plugins/com.st.stm32cube.ide.mcu.externaltools.gnu-tools-for-stm32.11.3.rel1.win32_1.1.1.202309131626/tools/bin/../lib/gcc/arm-none-eabi/11.3.1/../../../../arm-none-eabi/lib/thumb/v7e-m+dp/hard\libc_nano.a(libc_a-findfp.o)
                0x00000000200000f0                __sglue
 .data._impure_data
                0x00000000200000fc       0x4c C:/Program Files/ST/STM32CubeIDE_1.13.2/STM32CubeIDE/plugins/com.st.stm32cube.ide.mcu.externaltools.gnu-tools-for-stm32.11.3.rel1.win32_1.1.1.202309131626/tools/bin/../lib/gcc/arm-none-eabi/11.3.1/../../../../arm-none-eabi/lib/thumb/v7e-m+dp/hard\libc_nano.a(libc_a-impure.o)
                0x00000000200000fc                _impure_data
 .data._impure_ptr
                0x0000000020000148        0x4 C:/Program Files/ST/STM32CubeIDE_1.13.2/STM32CubeIDE/plugins/com.st.stm32cube.ide.mcu.externaltools.gnu-tools-for-stm32.11.3.rel1.win32_1.1.1.202309131626/tools/bin/../lib/gcc/arm-none-eabi/11.3.1/../../../../arm-none-eabi/lib/thumb/v7e-m+dp/hard\libc_nano.a(libc_a-impure.o)
                0x0000000020000148                _impure_ptr
 *(.RamFunc)
 *(.RamFunc*)
                0x000000002000014c                . = ALIGN (0x4)
                0x000000002000014c                _edata = .

.igot.plt       0x000000002000014c        0x0 load address 0x000000000800971c